Archive member included to satisfy reference by file (symbol)

/usr/lib/gcc/arm-none-eabi/10.3.1/../../../arm-none-eabi/lib/thumb/v7e-m+fp/hard/libc_nano.a(lib_a-atexit.o)
                              /usr/lib/gcc/arm-none-eabi/10.3.1/../../../arm-none-eabi/lib/thumb/v7e-m+fp/hard/crt0.o (atexit)
/usr/lib/gcc/arm-none-eabi/10.3.1/../../../arm-none-eabi/lib/thumb/v7e-m+fp/hard/libc_nano.a(lib_a-exit.o)
                              /usr/lib/gcc/arm-none-eabi/10.3.1/../../../arm-none-eabi/lib/thumb/v7e-m+fp/hard/crt0.o (exit)
/usr/lib/gcc/arm-none-eabi/10.3.1/../../../arm-none-eabi/lib/thumb/v7e-m+fp/hard/libc_nano.a(lib_a-fini.o)
                              /usr/lib/gcc/arm-none-eabi/10.3.1/../../../arm-none-eabi/lib/thumb/v7e-m+fp/hard/crt0.o (__libc_fini_array)
/usr/lib/gcc/arm-none-eabi/10.3.1/../../../arm-none-eabi/lib/thumb/v7e-m+fp/hard/libc_nano.a(lib_a-impure.o)
                              /usr/lib/gcc/arm-none-eabi/10.3.1/../../../arm-none-eabi/lib/thumb/v7e-m+fp/hard/libc_nano.a(lib_a-exit.o) (_global_impure_ptr)
/usr/lib/gcc/arm-none-eabi/10.3.1/../../../arm-none-eabi/lib/thumb/v7e-m+fp/hard/libc_nano.a(lib_a-init.o)
                              /usr/lib/gcc/arm-none-eabi/10.3.1/../../../arm-none-eabi/lib/thumb/v7e-m+fp/hard/crt0.o (__libc_init_array)
/usr/lib/gcc/arm-none-eabi/10.3.1/../../../arm-none-eabi/lib/thumb/v7e-m+fp/hard/libc_nano.a(lib_a-memset.o)
                              /usr/lib/gcc/arm-none-eabi/10.3.1/../../../arm-none-eabi/lib/thumb/v7e-m+fp/hard/crt0.o (memset)
/usr/lib/gcc/arm-none-eabi/10.3.1/../../../arm-none-eabi/lib/thumb/v7e-m+fp/hard/libc_nano.a(lib_a-__atexit.o)
                              /usr/lib/gcc/arm-none-eabi/10.3.1/../../../arm-none-eabi/lib/thumb/v7e-m+fp/hard/libc_nano.a(lib_a-atexit.o) (__register_exitproc)
/usr/lib/gcc/arm-none-eabi/10.3.1/../../../arm-none-eabi/lib/thumb/v7e-m+fp/hard/libc_nano.a(lib_a-__call_atexit.o)
                              /usr/lib/gcc/arm-none-eabi/10.3.1/../../../arm-none-eabi/lib/thumb/v7e-m+fp/hard/libc_nano.a(lib_a-__atexit.o) (__call_exitprocs)
/usr/lib/gcc/arm-none-eabi/10.3.1/../../../arm-none-eabi/lib/thumb/v7e-m+fp/hard/libnosys.a(_exit.o)
                              /usr/lib/gcc/arm-none-eabi/10.3.1/../../../arm-none-eabi/lib/thumb/v7e-m+fp/hard/libc_nano.a(lib_a-exit.o) (_exit)
/usr/lib/gcc/arm-none-eabi/10.3.1/thumb/v7e-m+fp/hard/libgcc.a(_aeabi_uldivmod.o)
                              build/stm32h7xx_hal_uart.o (__aeabi_uldivmod)
/usr/lib/gcc/arm-none-eabi/10.3.1/thumb/v7e-m+fp/hard/libgcc.a(_udivmoddi4.o)
                              /usr/lib/gcc/arm-none-eabi/10.3.1/thumb/v7e-m+fp/hard/libgcc.a(_aeabi_uldivmod.o) (__udivmoddi4)
/usr/lib/gcc/arm-none-eabi/10.3.1/thumb/v7e-m+fp/hard/libgcc.a(_dvmd_tls.o)
                              /usr/lib/gcc/arm-none-eabi/10.3.1/thumb/v7e-m+fp/hard/libgcc.a(_aeabi_uldivmod.o) (__aeabi_ldiv0)

Discarded input sections

 .text          0x0000000000000000        0x0 /usr/lib/gcc/arm-none-eabi/10.3.1/thumb/v7e-m+fp/hard/crti.o
 .data          0x0000000000000000        0x0 /usr/lib/gcc/arm-none-eabi/10.3.1/thumb/v7e-m+fp/hard/crti.o
 .bss           0x0000000000000000        0x0 /usr/lib/gcc/arm-none-eabi/10.3.1/thumb/v7e-m+fp/hard/crti.o
 .data          0x0000000000000000        0x4 /usr/lib/gcc/arm-none-eabi/10.3.1/thumb/v7e-m+fp/hard/crtbegin.o
 .rodata        0x0000000000000000       0x24 /usr/lib/gcc/arm-none-eabi/10.3.1/thumb/v7e-m+fp/hard/crtbegin.o
 .text          0x0000000000000000       0x70 /usr/lib/gcc/arm-none-eabi/10.3.1/../../../arm-none-eabi/lib/thumb/v7e-m+fp/hard/crt0.o
 .data          0x0000000000000000        0x0 /usr/lib/gcc/arm-none-eabi/10.3.1/../../../arm-none-eabi/lib/thumb/v7e-m+fp/hard/crt0.o
 .bss           0x0000000000000000        0x0 /usr/lib/gcc/arm-none-eabi/10.3.1/../../../arm-none-eabi/lib/thumb/v7e-m+fp/hard/crt0.o
 .ARM.extab     0x0000000000000000        0x0 /usr/lib/gcc/arm-none-eabi/10.3.1/../../../arm-none-eabi/lib/thumb/v7e-m+fp/hard/crt0.o
 .ARM.exidx     0x0000000000000000       0x10 /usr/lib/gcc/arm-none-eabi/10.3.1/../../../arm-none-eabi/lib/thumb/v7e-m+fp/hard/crt0.o
 .debug_line    0x0000000000000000       0x87 /usr/lib/gcc/arm-none-eabi/10.3.1/../../../arm-none-eabi/lib/thumb/v7e-m+fp/hard/crt0.o
 .debug_info    0x0000000000000000       0x26 /usr/lib/gcc/arm-none-eabi/10.3.1/../../../arm-none-eabi/lib/thumb/v7e-m+fp/hard/crt0.o
 .debug_abbrev  0x0000000000000000       0x14 /usr/lib/gcc/arm-none-eabi/10.3.1/../../../arm-none-eabi/lib/thumb/v7e-m+fp/hard/crt0.o
 .debug_aranges
                0x0000000000000000       0x20 /usr/lib/gcc/arm-none-eabi/10.3.1/../../../arm-none-eabi/lib/thumb/v7e-m+fp/hard/crt0.o
 .debug_str     0x0000000000000000       0x98 /usr/lib/gcc/arm-none-eabi/10.3.1/../../../arm-none-eabi/lib/thumb/v7e-m+fp/hard/crt0.o
 .ARM.attributes
                0x0000000000000000       0x1c /usr/lib/gcc/arm-none-eabi/10.3.1/../../../arm-none-eabi/lib/thumb/v7e-m+fp/hard/crt0.o
[...]
Memory Configuration

Name             Origin             Length             Attributes
FLASH            0x0000000008100000 0x0000000000100000 xr
RAM              0x0000000010000000 0x0000000000048000 xrw
*default*        0x0000000000000000 0xffffffffffffffff

Linker script and memory map

LOAD /usr/lib/gcc/arm-none-eabi/10.3.1/thumb/v7e-m+fp/hard/crti.o
LOAD /usr/lib/gcc/arm-none-eabi/10.3.1/thumb/v7e-m+fp/hard/crtbegin.o
LOAD /usr/lib/gcc/arm-none-eabi/10.3.1/../../../arm-none-eabi/lib/thumb/v7e-m+fp/hard/crt0.o
LOAD build/main.o
LOAD build/stm32h7xx_it.o
LOAD build/stm32h7xx_hal_msp.o
LOAD build/stm32h7xx_hal_cortex.o
LOAD build/stm32h7xx_hal_tim.o
LOAD build/stm32h7xx_hal_tim_ex.o
LOAD build/stm32h7xx_hal_rcc.o
LOAD build/stm32h7xx_hal_rcc_ex.o
LOAD build/stm32h7xx_hal_flash.o
LOAD build/stm32h7xx_hal_flash_ex.o
LOAD build/stm32h7xx_hal_gpio.o
LOAD build/stm32h7xx_hal_hsem.o
LOAD build/stm32h7xx_hal_dma.o
LOAD build/stm32h7xx_hal_dma_ex.o
LOAD build/stm32h7xx_hal_mdma.o
LOAD build/stm32h7xx_hal_pwr.o
LOAD build/stm32h7xx_hal_pwr_ex.o
LOAD build/stm32h7xx_hal.o
LOAD build/stm32h7xx_hal_i2c.o
LOAD build/stm32h7xx_hal_i2c_ex.o
LOAD build/stm32h7xx_hal_exti.o
LOAD build/system_stm32h7xx_dualcore_boot_cm4_cm7.o
LOAD build/stm32h7xx_hal_uart.o
LOAD build/stm32h7xx_hal_uart_ex.o
LOAD build/startup_stm32h755xx_CM4.o
LOAD /usr/lib/gcc/arm-none-eabi/10.3.1/../../../arm-none-eabi/lib/thumb/v7e-m+fp/hard/libc_nano.a
LOAD /usr/lib/gcc/arm-none-eabi/10.3.1/../../../arm-none-eabi/lib/thumb/v7e-m+fp/hard/libm.a
LOAD /usr/lib/gcc/arm-none-eabi/10.3.1/../../../arm-none-eabi/lib/thumb/v7e-m+fp/hard/libnosys.a
START GROUP
LOAD /usr/lib/gcc/arm-none-eabi/10.3.1/thumb/v7e-m+fp/hard/libgcc.a
LOAD /usr/lib/gcc/arm-none-eabi/10.3.1/../../../arm-none-eabi/lib/thumb/v7e-m+fp/hard/libc_nano.a
END GROUP
START GROUP
LOAD /usr/lib/gcc/arm-none-eabi/10.3.1/thumb/v7e-m+fp/hard/libgcc.a
LOAD /usr/lib/gcc/arm-none-eabi/10.3.1/../../../arm-none-eabi/lib/thumb/v7e-m+fp/hard/libc_nano.a
END GROUP
LOAD /usr/lib/gcc/arm-none-eabi/10.3.1/thumb/v7e-m+fp/hard/crtend.o
LOAD /usr/lib/gcc/arm-none-eabi/10.3.1/thumb/v7e-m+fp/hard/crtn.o
                0x0000000010048000                _estack = 0x10048000
                0x0000000000000200                _Min_Heap_Size = 0x200
                0x0000000000000400                _Min_Stack_Size = 0x400

.isr_vector     0x0000000008100000      0x298
                0x0000000008100000                . = ALIGN (0x4)
 *(.isr_vector)
 .isr_vector    0x0000000008100000      0x298 build/startup_stm32h755xx_CM4.o
                0x0000000008100000                g_pfnVectors
                0x0000000008100298                . = ALIGN (0x4)

.text           0x0000000008100298      0x6a0
                0x0000000008100298                . = ALIGN (0x4)
 *(.text)
 .text          0x0000000008100298       0x88 /usr/lib/gcc/arm-none-eabi/10.3.1/thumb/v7e-m+fp/hard/crtbegin.o
 .text          0x0000000008100320       0x48 /usr/lib/gcc/arm-none-eabi/10.3.1/../../../arm-none-eabi/lib/thumb/v7e-m+fp/hard/libc_nano.a(lib_a-init.o)
                0x0000000008100320                __libc_init_array
 *(.text*)
 .text.main     0x0000000008100368       0x70 build/main.o
                0x0000000008100368                main
 .text.NMI_Handler
                0x00000000081003d8        0x2 build/stm32h7xx_it.o
                0x00000000081003d8                NMI_Handler
 .text.HardFault_Handler
                0x00000000081003da        0x2 build/stm32h7xx_it.o
                0x00000000081003da                HardFault_Handler
 .text.MemManage_Handler
                0x00000000081003dc        0x2 build/stm32h7xx_it.o
                0x00000000081003dc                MemManage_Handler
 .text.BusFault_Handler
                0x00000000081003de        0x2 build/stm32h7xx_it.o
                0x00000000081003de                BusFault_Handler
 .text.UsageFault_Handler
                0x00000000081003e0        0x2 build/stm32h7xx_it.o
                0x00000000081003e0                UsageFault_Handler
 .text.SVC_Handler
                0x00000000081003e2        0x2 build/stm32h7xx_it.o
                0x00000000081003e2                SVC_Handler
 .text.DebugMon_Handler
                0x00000000081003e4        0x2 build/stm32h7xx_it.o
                0x00000000081003e4                DebugMon_Handler
 .text.PendSV_Handler
                0x00000000081003e6        0x2 build/stm32h7xx_it.o
                0x00000000081003e6                PendSV_Handler
 .text.SysTick_Handler
                0x00000000081003e8        0x8 build/stm32h7xx_it.o
                0x00000000081003e8                SysTick_Handler
 .text.HAL_MspInit
                0x00000000081003f0       0x24 build/stm32h7xx_hal_msp.o
                0x00000000081003f0                HAL_MspInit
 .text.HAL_NVIC_SetPriorityGrouping
                0x0000000008100414       0x24 build/stm32h7xx_hal_cortex.o
                0x0000000008100414                HAL_NVIC_SetPriorityGrouping
 .text.HAL_NVIC_SetPriority
                0x0000000008100438       0x6c build/stm32h7xx_hal_cortex.o
                0x0000000008100438                HAL_NVIC_SetPriority
 .text.HAL_SYSTICK_Config
                0x00000000081004a4       0x28 build/stm32h7xx_hal_cortex.o
                0x00000000081004a4                HAL_SYSTICK_Config
 .text.HAL_GetCurrentCPUID
                0x00000000081004cc       0x18 build/stm32h7xx_hal_cortex.o
                0x00000000081004cc                HAL_GetCurrentCPUID
 .text.HAL_RCC_GetSysClockFreq
                0x00000000081004e4      0x1f4 build/stm32h7xx_hal_rcc.o
                0x00000000081004e4                HAL_RCC_GetSysClockFreq
 .text.HAL_HSEM_ActivateNotification
                0x00000000081006d8       0x10 build/stm32h7xx_hal_hsem.o
                0x00000000081006d8                HAL_HSEM_ActivateNotification
 .text.HAL_PWREx_EnterSTOPMode
                0x00000000081006e8       0xb0 build/stm32h7xx_hal_pwr_ex.o
                0x00000000081006e8                HAL_PWREx_EnterSTOPMode
 .text.HAL_PWREx_ClearPendingEvent
                0x0000000008100798       0x14 build/stm32h7xx_hal_pwr_ex.o
                0x0000000008100798                HAL_PWREx_ClearPendingEvent
 .text.HAL_InitTick
                0x00000000081007ac       0x50 build/stm32h7xx_hal.o
                0x00000000081007ac                HAL_InitTick
 .text.HAL_Init
                0x00000000081007fc       0x9c build/stm32h7xx_hal.o
                0x00000000081007fc                HAL_Init
 .text.HAL_IncTick
                0x0000000008100898       0x18 build/stm32h7xx_hal.o
                0x0000000008100898                HAL_IncTick
 .text.SystemInit
                0x00000000081008b0       0x1c build/system_stm32h7xx_dualcore_boot_cm4_cm7.o
                0x00000000081008b0                SystemInit
 .text.Reset_Handler
                0x00000000081008cc       0x50 build/startup_stm32h755xx_CM4.o
                0x00000000081008cc                Reset_Handler
 .text.Default_Handler
                0x000000000810091c        0x2 build/startup_stm32h755xx_CM4.o
                0x000000000810091c                RTC_Alarm_IRQHandler
                0x000000000810091c                HASH_RNG_IRQHandler
                0x000000000810091c                EXTI2_IRQHandler
                0x000000000810091c                TIM8_CC_IRQHandler
                0x000000000810091c                HRTIM1_Master_IRQHandler
                0x000000000810091c                UART8_IRQHandler
                0x000000000810091c                SPI4_IRQHandler
                0x000000000810091c                TIM1_CC_IRQHandler
                0x000000000810091c                BDMA_Channel6_IRQHandler
                0x000000000810091c                DMA2_Stream5_IRQHandler
                0x000000000810091c                HRTIM1_FLT_IRQHandler
                0x000000000810091c                JPEG_IRQHandler
                0x000000000810091c                DMA1_Stream5_IRQHandler
                0x000000000810091c                BDMA_Channel1_IRQHandler
                0x000000000810091c                HRTIM1_TIMD_IRQHandler
                0x000000000810091c                TAMP_STAMP_IRQHandler
                0x000000000810091c                EXTI3_IRQHandler
                0x000000000810091c                LPTIM4_IRQHandler
                0x000000000810091c                TIM8_TRG_COM_TIM14_IRQHandler
                0x000000000810091c                LPTIM2_IRQHandler
                0x000000000810091c                DFSDM1_FLT1_IRQHandler
                0x000000000810091c                DMAMUX2_OVR_IRQHandler
                0x000000000810091c                TIM8_UP_TIM13_IRQHandler
                0x000000000810091c                I2C3_ER_IRQHandler
                0x000000000810091c                DFSDM1_FLT2_IRQHandler
                0x000000000810091c                MDMA_IRQHandler
                0x000000000810091c                LPTIM3_IRQHandler
                0x000000000810091c                HSEM1_IRQHandler
                0x000000000810091c                EXTI0_IRQHandler
                0x000000000810091c                I2C2_EV_IRQHandler
                0x000000000810091c                DMA1_Stream2_IRQHandler
                0x000000000810091c                FPU_IRQHandler
                0x000000000810091c                OTG_HS_WKUP_IRQHandler
                0x000000000810091c                FDCAN1_IT1_IRQHandler
                0x000000000810091c                LTDC_ER_IRQHandler
                0x000000000810091c                DMA2_Stream2_IRQHandler
                0x000000000810091c                HRTIM1_TIME_IRQHandler
                0x000000000810091c                SPI1_IRQHandler
                0x000000000810091c                TIM6_DAC_IRQHandler
                0x000000000810091c                DCMI_IRQHandler
                0x000000000810091c                HRTIM1_TIMC_IRQHandler
                0x000000000810091c                DMA2_Stream3_IRQHandler
                0x000000000810091c                SAI2_IRQHandler
                0x000000000810091c                DFSDM1_FLT3_IRQHandler
                0x000000000810091c                USART6_IRQHandler
                0x000000000810091c                TIM17_IRQHandler
                0x000000000810091c                USART3_IRQHandler
                0x000000000810091c                BDMA_Channel7_IRQHandler
                0x000000000810091c                CRYP_IRQHandler
                0x000000000810091c                LPTIM5_IRQHandler
                0x000000000810091c                UART5_IRQHandler
                0x000000000810091c                ADC3_IRQHandler
                0x000000000810091c                DMA2_Stream0_IRQHandler
                0x000000000810091c                TIM4_IRQHandler
                0x000000000810091c                BDMA_Channel2_IRQHandler
                0x000000000810091c                QUADSPI_IRQHandler
                0x000000000810091c                I2C1_EV_IRQHandler
                0x000000000810091c                DMA1_Stream6_IRQHandler
                0x000000000810091c                DMAMUX1_OVR_IRQHandler
                0x000000000810091c                DMA1_Stream1_IRQHandler
                0x000000000810091c                TIM16_IRQHandler
                0x000000000810091c                UART4_IRQHandler
                0x000000000810091c                BDMA_Channel5_IRQHandler
                0x000000000810091c                TIM3_IRQHandler
                0x000000000810091c                RCC_IRQHandler
                0x000000000810091c                TIM8_BRK_TIM12_IRQHandler
                0x000000000810091c                TIM1_TRG_COM_IRQHandler
                0x000000000810091c                Default_Handler
                0x000000000810091c                ECC_IRQHandler
                0x000000000810091c                CEC_IRQHandler
                0x000000000810091c                EXTI15_10_IRQHandler
                0x000000000810091c                BDMA_Channel0_IRQHandler
                0x000000000810091c                ADC_IRQHandler
                0x000000000810091c                DMA1_Stream7_IRQHandler
                0x000000000810091c                HRTIM1_TIMA_IRQHandler
                0x000000000810091c                SPI5_IRQHandler
                0x000000000810091c                TIM7_IRQHandler
                0x000000000810091c                SDMMC1_IRQHandler
                0x000000000810091c                TIM5_IRQHandler
                0x000000000810091c                DMA2_Stream7_IRQHandler
                0x000000000810091c                TIM15_IRQHandler
                0x000000000810091c                PVD_AVD_IRQHandler
                0x000000000810091c                I2C3_EV_IRQHandler
                0x000000000810091c                EXTI9_5_IRQHandler
                0x000000000810091c                RTC_WKUP_IRQHandler
                0x000000000810091c                LTDC_IRQHandler
                0x000000000810091c                SAI3_IRQHandler
                0x000000000810091c                ETH_WKUP_IRQHandler
                0x000000000810091c                SPDIF_RX_IRQHandler
                0x000000000810091c                SPI2_IRQHandler
                0x000000000810091c                OTG_HS_EP1_IN_IRQHandler
                0x000000000810091c                DMA1_Stream0_IRQHandler
                0x000000000810091c                CRS_IRQHandler
                0x000000000810091c                CM7_SEV_IRQHandler
                0x000000000810091c                EXTI4_IRQHandler
                0x000000000810091c                CM4_SEV_IRQHandler
                0x000000000810091c                HRTIM1_TIMB_IRQHandler
                0x000000000810091c                FDCAN2_IT1_IRQHandler
                0x000000000810091c                ETH_IRQHandler
                0x000000000810091c                TIM1_UP_IRQHandler
                0x000000000810091c                WWDG_RST_IRQHandler
                0x000000000810091c                BDMA_Channel4_IRQHandler
                0x000000000810091c                OTG_HS_EP1_OUT_IRQHandler
                0x000000000810091c                WWDG_IRQHandler
                0x000000000810091c                SPI6_IRQHandler
                0x000000000810091c                MDIOS_IRQHandler
                0x000000000810091c                I2C4_EV_IRQHandler
                0x000000000810091c                FDCAN2_IT0_IRQHandler
                0x000000000810091c                LPUART1_IRQHandler
                0x000000000810091c                FDCAN1_IT0_IRQHandler
                0x000000000810091c                TIM2_IRQHandler
                0x000000000810091c                OTG_FS_WKUP_IRQHandler
                0x000000000810091c                OTG_HS_IRQHandler
                0x000000000810091c                HSEM2_IRQHandler
                0x000000000810091c                DMA2D_IRQHandler
                0x000000000810091c                TIM1_BRK_IRQHandler
                0x000000000810091c                EXTI1_IRQHandler
                0x000000000810091c                SDMMC2_IRQHandler
                0x000000000810091c                OTG_FS_EP1_OUT_IRQHandler
                0x000000000810091c                BDMA_Channel3_IRQHandler
                0x000000000810091c                HOLD_CORE_IRQHandler
                0x000000000810091c                UART7_IRQHandler
                0x000000000810091c                MDIOS_WKUP_IRQHandler
                0x000000000810091c                USART2_IRQHandler
                0x000000000810091c                DFSDM1_FLT0_IRQHandler
                0x000000000810091c                SAI4_IRQHandler
                0x000000000810091c                I2C2_ER_IRQHandler
                0x000000000810091c                DMA2_Stream1_IRQHandler
                0x000000000810091c                FLASH_IRQHandler
                0x000000000810091c                DMA2_Stream4_IRQHandler
                0x000000000810091c                USART1_IRQHandler
                0x000000000810091c                OTG_FS_IRQHandler
                0x000000000810091c                SPI3_IRQHandler
                0x000000000810091c                WAKEUP_PIN_IRQHandler
                0x000000000810091c                DMA1_Stream4_IRQHandler
                0x000000000810091c                OTG_FS_EP1_IN_IRQHandler
                0x000000000810091c                I2C1_ER_IRQHandler
                0x000000000810091c                FMC_IRQHandler
                0x000000000810091c                FDCAN_CAL_IRQHandler
                0x000000000810091c                SWPMI1_IRQHandler
                0x000000000810091c                COMP1_IRQHandler
                0x000000000810091c                LPTIM1_IRQHandler
                0x000000000810091c                I2C4_ER_IRQHandler
                0x000000000810091c                DMA2_Stream6_IRQHandler
                0x000000000810091c                SAI1_IRQHandler
                0x000000000810091c                DMA1_Stream3_IRQHandler
 *(.glue_7)
 .glue_7        0x000000000810091e        0x0 linker stubs
 *(.glue_7t)
 .glue_7t       0x000000000810091e        0x0 linker stubs
 *(.eh_frame)
 *fill*         0x000000000810091e        0x2 
 .eh_frame      0x0000000008100920        0x0 /usr/lib/gcc/arm-none-eabi/10.3.1/thumb/v7e-m+fp/hard/crtbegin.o
 *(.init)
 .init          0x0000000008100920        0x4 /usr/lib/gcc/arm-none-eabi/10.3.1/thumb/v7e-m+fp/hard/crti.o
                0x0000000008100920                _init
 .init          0x0000000008100924        0x8 /usr/lib/gcc/arm-none-eabi/10.3.1/thumb/v7e-m+fp/hard/crtn.o
 *(.fini)
 .fini          0x000000000810092c        0x4 /usr/lib/gcc/arm-none-eabi/10.3.1/thumb/v7e-m+fp/hard/crti.o
                0x000000000810092c                _fini
 .fini          0x0000000008100930        0x8 /usr/lib/gcc/arm-none-eabi/10.3.1/thumb/v7e-m+fp/hard/crtn.o
                0x0000000008100938                . = ALIGN (0x4)
                0x0000000008100938                _etext = .

.vfp11_veneer   0x0000000008100938        0x0
 .vfp11_veneer  0x0000000008100938        0x0 linker stubs

.v4_bx          0x0000000008100938        0x0
 .v4_bx         0x0000000008100938        0x0 linker stubs

.iplt           0x0000000008100938        0x0
 .iplt          0x0000000008100938        0x0 /usr/lib/gcc/arm-none-eabi/10.3.1/thumb/v7e-m+fp/hard/crtbegin.o

.rodata         0x0000000008100938       0x10
                0x0000000008100938                . = ALIGN (0x4)
 *(.rodata)
 *(.rodata*)
 .rodata.D1CorePrescTable
                0x0000000008100938       0x10 build/system_stm32h7xx_dualcore_boot_cm4_cm7.o
                0x0000000008100938                D1CorePrescTable
                0x0000000008100948                . = ALIGN (0x4)

.rel.dyn        0x0000000008100948        0x0
 .rel.iplt      0x0000000008100948        0x0 /usr/lib/gcc/arm-none-eabi/10.3.1/thumb/v7e-m+fp/hard/crtbegin.o

.ARM.extab
 *(.ARM.extab* .gnu.linkonce.armextab.*)

.ARM            0x0000000008100948        0x0
                0x0000000008100948                __exidx_start = .
 *(.ARM.exidx*)
                0x0000000008100948                __exidx_end = .

.preinit_array  0x0000000008100948        0x0
                0x0000000008100948                PROVIDE (__preinit_array_start = .)
 *(.preinit_array*)
                0x0000000008100948                PROVIDE (__preinit_array_end = .)

.init_array     0x0000000008100948        0x4
                0x0000000008100948                PROVIDE (__init_array_start = .)
 *(SORT_BY_NAME(.init_array.*))
 *(.init_array*)
 .init_array    0x0000000008100948        0x4 /usr/lib/gcc/arm-none-eabi/10.3.1/thumb/v7e-m+fp/hard/crtbegin.o
                0x000000000810094c                PROVIDE (__init_array_end = .)

.fini_array     0x000000000810094c        0x4
                0x000000000810094c                PROVIDE (__fini_array_start = .)
 *(SORT_BY_NAME(.fini_array.*))
 *(.fini_array*)
 .fini_array    0x000000000810094c        0x4 /usr/lib/gcc/arm-none-eabi/10.3.1/thumb/v7e-m+fp/hard/crtbegin.o
                0x0000000008100950                PROVIDE (__fini_array_end = .)
                0x0000000008100950                _sidata = LOADADDR (.data)

.data           0x0000000010000000       0x10 load address 0x0000000008100950
                0x0000000010000000                . = ALIGN (0x4)
                0x0000000010000000                _sdata = .
 *(.data)
 *(.data*)
 .data.uwTickFreq
                0x0000000010000000        0x1 build/stm32h7xx_hal.o
                0x0000000010000000                uwTickFreq
 *fill*         0x0000000010000001        0x3 
 .data.uwTickPrio
                0x0000000010000004        0x4 build/stm32h7xx_hal.o
                0x0000000010000004                uwTickPrio
 .data.SystemCoreClock
                0x0000000010000008        0x4 build/system_stm32h7xx_dualcore_boot_cm4_cm7.o
                0x0000000010000008                SystemCoreClock
 .data.SystemD2Clock
                0x000000001000000c        0x4 build/system_stm32h7xx_dualcore_boot_cm4_cm7.o
                0x000000001000000c                SystemD2Clock
                0x0000000010000010                . = ALIGN (0x4)
                0x0000000010000010                _edata = .

.tm_clone_table
                0x0000000010000010        0x0 load address 0x0000000008100960
 .tm_clone_table
                0x0000000010000010        0x0 /usr/lib/gcc/arm-none-eabi/10.3.1/thumb/v7e-m+fp/hard/crtbegin.o
 .tm_clone_table
                0x0000000010000010        0x0 /usr/lib/gcc/arm-none-eabi/10.3.1/thumb/v7e-m+fp/hard/crtend.o

.igot.plt       0x0000000010000010        0x0 load address 0x0000000008100960
 .igot.plt      0x0000000010000010        0x0 /usr/lib/gcc/arm-none-eabi/10.3.1/thumb/v7e-m+fp/hard/crtbegin.o
                0x0000000010000010                . = ALIGN (0x4)

.bss            0x0000000010000010       0x20 load address 0x0000000008100960
                0x0000000010000010                _sbss = .
                0x0000000010000010                __bss_start__ = _sbss
 *(.bss)
 .bss           0x0000000010000010       0x1c /usr/lib/gcc/arm-none-eabi/10.3.1/thumb/v7e-m+fp/hard/crtbegin.o
 *(.bss*)
 .bss.uwTick    0x000000001000002c        0x4 build/stm32h7xx_hal.o
                0x000000001000002c                uwTick
 *(COMMON)
                0x0000000010000030                . = ALIGN (0x4)
                0x0000000010000030                _ebss = .
                0x0000000010000030                __bss_end__ = _ebss

._user_heap_stack
                0x0000000010000030      0x600 load address 0x0000000008100960
                0x0000000010000030                . = ALIGN (0x8)
                [!provide]                        PROVIDE (end = .)
                [!provide]                        PROVIDE (_end = .)
                0x0000000010000230                . = (. + _Min_Heap_Size)
 *fill*         0x0000000010000030      0x200 
                0x0000000010000630                . = (. + _Min_Stack_Size)
 *fill*         0x0000000010000230      0x400 
                0x0000000010000630                . = ALIGN (0x8)

/DISCARD/
 libc.a(*)
 libm.a(*)
 libgcc.a(*)

.ARM.attributes
                0x0000000000000000       0x30
 *(.ARM.attributes)
 .ARM.attributes
                0x0000000000000000       0x1e /usr/lib/gcc/arm-none-eabi/10.3.1/thumb/v7e-m+fp/hard/crti.o
 .ARM.attributes
                0x000000000000001e       0x34 /usr/lib/gcc/arm-none-eabi/10.3.1/thumb/v7e-m+fp/hard/crtbegin.o
 .ARM.attributes
                0x0000000000000052       0x34 build/main.o
 .ARM.attributes
                0x0000000000000086       0x34 build/stm32h7xx_it.o
 .ARM.attributes
                0x00000000000000ba       0x34 build/stm32h7xx_hal_msp.o
 .ARM.attributes
                0x00000000000000ee       0x34 build/stm32h7xx_hal_cortex.o
 .ARM.attributes
                0x0000000000000122       0x34 build/stm32h7xx_hal_rcc.o
 .ARM.attributes
                0x0000000000000156       0x34 build/stm32h7xx_hal_hsem.o
 .ARM.attributes
                0x000000000000018a       0x34 build/stm32h7xx_hal_pwr_ex.o
 .ARM.attributes
                0x00000000000001be       0x34 build/stm32h7xx_hal.o
 .ARM.attributes
                0x00000000000001f2       0x34 build/system_stm32h7xx_dualcore_boot_cm4_cm7.o
 .ARM.attributes
                0x0000000000000226       0x21 build/startup_stm32h755xx_CM4.o
 .ARM.attributes
                0x0000000000000247       0x34 /usr/lib/gcc/arm-none-eabi/10.3.1/../../../arm-none-eabi/lib/thumb/v7e-m+fp/hard/libc_nano.a(lib_a-init.o)
 .ARM.attributes
                0x000000000000027b       0x32 /usr/lib/gcc/arm-none-eabi/10.3.1/thumb/v7e-m+fp/hard/crtend.o
 .ARM.attributes
                0x00000000000002ad       0x1e /usr/lib/gcc/arm-none-eabi/10.3.1/thumb/v7e-m+fp/hard/crtn.o
OUTPUT(build/cube_CM4.elf elf32-littlearm)
LOAD linker stubs
LOAD /usr/lib/gcc/arm-none-eabi/10.3.1/../../../arm-none-eabi/lib/thumb/v7e-m+fp/hard/libc.a
LOAD /usr/lib/gcc/arm-none-eabi/10.3.1/../../../arm-none-eabi/lib/thumb/v7e-m+fp/hard/libm.a
LOAD /usr/lib/gcc/arm-none-eabi/10.3.1/thumb/v7e-m+fp/hard/libgcc.a

.comment        0x0000000000000000       0x33
 .comment       0x0000000000000000       0x33 /usr/lib/gcc/arm-none-eabi/10.3.1/thumb/v7e-m+fp/hard/crtbegin.o
                                         0x34 (size before relaxing)
 .comment       0x0000000000000033       0x34 build/main.o
 .comment       0x0000000000000033       0x34 build/stm32h7xx_it.o
 .comment       0x0000000000000033       0x34 build/stm32h7xx_hal_msp.o
 .comment       0x0000000000000033       0x34 build/stm32h7xx_hal_cortex.o
 .comment       0x0000000000000033       0x34 build/stm32h7xx_hal_rcc.o
 .comment       0x0000000000000033       0x34 build/stm32h7xx_hal_hsem.o
 .comment       0x0000000000000033       0x34 build/stm32h7xx_hal_pwr_ex.o
 .comment       0x0000000000000033       0x34 build/stm32h7xx_hal.o
 .comment       0x0000000000000033       0x34 build/system_stm32h7xx_dualcore_boot_cm4_cm7.o
 .comment       0x0000000000000033       0x34 /usr/lib/gcc/arm-none-eabi/10.3.1/../../../arm-none-eabi/lib/thumb/v7e-m+fp/hard/libc_nano.a(lib_a-init.o)
 .comment       0x0000000000000033       0x34 /usr/lib/gcc/arm-none-eabi/10.3.1/thumb/v7e-m+fp/hard/crtend.o

.debug_info     0x0000000000000000     0x896d
 .debug_info    0x0000000000000000     0x119d build/main.o
 .debug_info    0x000000000000119d      0x170 build/stm32h7xx_it.o
 .debug_info    0x000000000000130d     0x1129 build/stm32h7xx_hal_msp.o
 .debug_info    0x0000000000002436     0x12eb build/stm32h7xx_hal_cortex.o
 .debug_info    0x0000000000003721     0x13bc build/stm32h7xx_hal_rcc.o
 .debug_info    0x0000000000004add      0x461 build/stm32h7xx_hal_hsem.o
 .debug_info    0x0000000000004f3e     0x14b8 build/stm32h7xx_hal_pwr_ex.o
 .debug_info    0x00000000000063f6     0x1bd9 build/stm32h7xx_hal.o
 .debug_info    0x0000000000007fcf      0x862 build/system_stm32h7xx_dualcore_boot_cm4_cm7.o
 .debug_info    0x0000000000008831       0x22 build/startup_stm32h755xx_CM4.o
 .debug_info    0x0000000000008853      0x11a /usr/lib/gcc/arm-none-eabi/10.3.1/../../../arm-none-eabi/lib/thumb/v7e-m+fp/hard/libc_nano.a(lib_a-init.o)

.debug_abbrev   0x0000000000000000     0x13dc
 .debug_abbrev  0x0000000000000000      0x20f build/main.o
 .debug_abbrev  0x000000000000020f       0x81 build/stm32h7xx_it.o
 .debug_abbrev  0x0000000000000290      0x1f7 build/stm32h7xx_hal_msp.o
 .debug_abbrev  0x0000000000000487      0x395 build/stm32h7xx_hal_cortex.o
 .debug_abbrev  0x000000000000081c      0x27d build/stm32h7xx_hal_rcc.o
 .debug_abbrev  0x0000000000000a99      0x1e3 build/stm32h7xx_hal_hsem.o
 .debug_abbrev  0x0000000000000c7c      0x2db build/stm32h7xx_hal_pwr_ex.o
 .debug_abbrev  0x0000000000000f57      0x27d build/stm32h7xx_hal.o
 .debug_abbrev  0x00000000000011d4      0x12a build/system_stm32h7xx_dualcore_boot_cm4_cm7.o
 .debug_abbrev  0x00000000000012fe       0x12 build/startup_stm32h755xx_CM4.o
 .debug_abbrev  0x0000000000001310       0xcc /usr/lib/gcc/arm-none-eabi/10.3.1/../../../arm-none-eabi/lib/thumb/v7e-m+fp/hard/libc_nano.a(lib_a-init.o)

.debug_loc      0x0000000000000000     0x2668
 .debug_loc     0x0000000000000000       0x4c build/main.o
 .debug_loc     0x000000000000004c       0x20 build/stm32h7xx_it.o
 .debug_loc     0x000000000000006c       0x94 build/stm32h7xx_hal_msp.o
 .debug_loc     0x0000000000000100      0x786 build/stm32h7xx_hal_cortex.o
 .debug_loc     0x0000000000000886      0xab4 build/stm32h7xx_hal_rcc.o
 .debug_loc     0x000000000000133a      0x137 build/stm32h7xx_hal_hsem.o
 .debug_loc     0x0000000000001471      0x862 build/stm32h7xx_hal_pwr_ex.o
 .debug_loc     0x0000000000001cd3      0x6ae build/stm32h7xx_hal.o
 .debug_loc     0x0000000000002381      0x22d build/system_stm32h7xx_dualcore_boot_cm4_cm7.o
 .debug_loc     0x00000000000025ae       0xba /usr/lib/gcc/arm-none-eabi/10.3.1/../../../arm-none-eabi/lib/thumb/v7e-m+fp/hard/libc_nano.a(lib_a-init.o)

.debug_aranges  0x0000000000000000      0x648
 .debug_aranges
                0x0000000000000000       0x30 build/main.o
 .debug_aranges
                0x0000000000000030       0x60 build/stm32h7xx_it.o
 .debug_aranges
                0x0000000000000090       0x30 build/stm32h7xx_hal_msp.o
 .debug_aranges
                0x00000000000000c0       0xb0 build/stm32h7xx_hal_cortex.o
 .debug_aranges
                0x0000000000000170       0x88 build/stm32h7xx_hal_rcc.o
 .debug_aranges
                0x00000000000001f8       0x70 build/stm32h7xx_hal_hsem.o
 .debug_aranges
                0x0000000000000268      0x170 build/stm32h7xx_hal_pwr_ex.o
 .debug_aranges
                0x00000000000003d8      0x200 build/stm32h7xx_hal.o
 .debug_aranges
                0x00000000000005d8       0x28 build/system_stm32h7xx_dualcore_boot_cm4_cm7.o
 .debug_aranges
                0x0000000000000600       0x28 build/startup_stm32h755xx_CM4.o
 .debug_aranges
                0x0000000000000628       0x20 /usr/lib/gcc/arm-none-eabi/10.3.1/../../../arm-none-eabi/lib/thumb/v7e-m+fp/hard/libc_nano.a(lib_a-init.o)

.debug_ranges   0x0000000000000000      0x6c0
 .debug_ranges  0x0000000000000000       0x20 build/main.o
 .debug_ranges  0x0000000000000020       0x50 build/stm32h7xx_it.o
 .debug_ranges  0x0000000000000070       0x20 build/stm32h7xx_hal_msp.o
 .debug_ranges  0x0000000000000090      0x100 build/stm32h7xx_hal_cortex.o
 .debug_ranges  0x0000000000000190       0xe8 build/stm32h7xx_hal_rcc.o
 .debug_ranges  0x0000000000000278       0x60 build/stm32h7xx_hal_hsem.o
 .debug_ranges  0x00000000000002d8      0x1c0 build/stm32h7xx_hal_pwr_ex.o
 .debug_ranges  0x0000000000000498      0x1f0 build/stm32h7xx_hal.o
 .debug_ranges  0x0000000000000688       0x18 build/system_stm32h7xx_dualcore_boot_cm4_cm7.o
 .debug_ranges  0x00000000000006a0       0x20 build/startup_stm32h755xx_CM4.o

.debug_line     0x0000000000000000     0x3c5b
 .debug_line    0x0000000000000000      0x2d1 build/main.o
 .debug_line    0x00000000000002d1      0x187 build/stm32h7xx_it.o
 .debug_line    0x0000000000000458      0x20f build/stm32h7xx_hal_msp.o
 .debug_line    0x0000000000000667      0x727 build/stm32h7xx_hal_cortex.o
 .debug_line    0x0000000000000d8e     0x1201 build/stm32h7xx_hal_rcc.o
 .debug_line    0x0000000000001f8f      0x297 build/stm32h7xx_hal_hsem.o
 .debug_line    0x0000000000002226      0xbad build/stm32h7xx_hal_pwr_ex.o
 .debug_line    0x0000000000002dd3      0x9e0 build/stm32h7xx_hal.o
 .debug_line    0x00000000000037b3      0x2f6 build/system_stm32h7xx_dualcore_boot_cm4_cm7.o
 .debug_line    0x0000000000003aa9       0x7a build/startup_stm32h755xx_CM4.o
 .debug_line    0x0000000000003b23      0x138 /usr/lib/gcc/arm-none-eabi/10.3.1/../../../arm-none-eabi/lib/thumb/v7e-m+fp/hard/libc_nano.a(lib_a-init.o)

.debug_str      0x0000000000000000     0x33e2
 .debug_str     0x0000000000000000      0xa84 build/main.o
                                        0xb25 (size before relaxing)
 .debug_str     0x0000000000000a84       0xbe build/stm32h7xx_it.o
                                        0x23e (size before relaxing)
 .debug_str     0x0000000000000b42      0x3d6 build/stm32h7xx_hal_msp.o
                                        0xd4f (size before relaxing)
 .debug_str     0x0000000000000f18      0xd0a build/stm32h7xx_hal_cortex.o
                                        0xfa7 (size before relaxing)
 .debug_str     0x0000000000001c22      0x601 build/stm32h7xx_hal_rcc.o
                                        0xa08 (size before relaxing)
 .debug_str     0x0000000000002223      0x146 build/stm32h7xx_hal_hsem.o
                                        0x377 (size before relaxing)
 .debug_str     0x0000000000002369      0x6bf build/stm32h7xx_hal_pwr_ex.o
                                        0xa3a (size before relaxing)
 .debug_str     0x0000000000002a28      0x7c3 build/stm32h7xx_hal.o
                                       0x16ce (size before relaxing)
 .debug_str     0x00000000000031eb       0x5b build/system_stm32h7xx_dualcore_boot_cm4_cm7.o
                                        0x4ed (size before relaxing)
 .debug_str     0x0000000000003246       0x26 build/startup_stm32h755xx_CM4.o
                                         0x5f (size before relaxing)
 .debug_str     0x000000000000326c      0x176 /usr/lib/gcc/arm-none-eabi/10.3.1/../../../arm-none-eabi/lib/thumb/v7e-m+fp/hard/libc_nano.a(lib_a-init.o)
                                        0x20b (size before relaxing)

.debug_frame    0x0000000000000000      0xccc
 .debug_frame   0x0000000000000000       0x50 build/main.o
 .debug_frame   0x0000000000000050       0xa8 build/stm32h7xx_it.o
 .debug_frame   0x00000000000000f8       0x5c build/stm32h7xx_hal_msp.o
 .debug_frame   0x0000000000000154      0x158 build/stm32h7xx_hal_cortex.o
 .debug_frame   0x00000000000002ac      0x18c build/stm32h7xx_hal_rcc.o
 .debug_frame   0x0000000000000438       0xc8 build/stm32h7xx_hal_hsem.o
 .debug_frame   0x0000000000000500      0x324 build/stm32h7xx_hal_pwr_ex.o
 .debug_frame   0x0000000000000824      0x440 build/stm32h7xx_hal.o
 .debug_frame   0x0000000000000c64       0x3c build/system_stm32h7xx_dualcore_boot_cm4_cm7.o
 .debug_frame   0x0000000000000ca0       0x2c /usr/lib/gcc/arm-none-eabi/10.3.1/../../../arm-none-eabi/lib/thumb/v7e-m+fp/hard/libc_nano.a(lib_a-init.o)

Cross Reference Table

Symbol                                            File
ADC3_IRQHandler                                   build/startup_stm32h755xx_CM4.o
ADC_IRQHandler                                    build/startup_stm32h755xx_CM4.o
BDMA_Channel0_IRQHandler                          build/startup_stm32h755xx_CM4.o
BDMA_Channel1_IRQHandler                          build/startup_stm32h755xx_CM4.o
BDMA_Channel2_IRQHandler                          build/startup_stm32h755xx_CM4.o
BDMA_Channel3_IRQHandler                          build/startup_stm32h755xx_CM4.o
BDMA_Channel4_IRQHandler                          build/startup_stm32h755xx_CM4.o
BDMA_Channel5_IRQHandler                          build/startup_stm32h755xx_CM4.o
BDMA_Channel6_IRQHandler                          build/startup_stm32h755xx_CM4.o
BDMA_Channel7_IRQHandler                          build/startup_stm32h755xx_CM4.o
BusFault_Handler                                  build/stm32h7xx_it.o
CEC_IRQHandler                                    build/startup_stm32h755xx_CM4.o
CM4_SEV_IRQHandler                                build/startup_stm32h755xx_CM4.o
CM7_SEV_IRQHandler                                build/startup_stm32h755xx_CM4.o
COMP1_IRQHandler                                  build/startup_stm32h755xx_CM4.o
CRS_IRQHandler                                    build/startup_stm32h755xx_CM4.o
CRYP_IRQHandler                                   build/startup_stm32h755xx_CM4.o
D1CorePrescTable                                  build/system_stm32h7xx_dualcore_boot_cm4_cm7.o
                                                  build/stm32h7xx_hal.o
                                                  build/stm32h7xx_hal_rcc_ex.o
                                                  build/stm32h7xx_hal_rcc.o
DCMI_IRQHandler                                   build/startup_stm32h755xx_CM4.o
DFSDM1_FLT0_IRQHandler                            build/startup_stm32h755xx_CM4.o
DFSDM1_FLT1_IRQHandler                            build/startup_stm32h755xx_CM4.o
DFSDM1_FLT2_IRQHandler                            build/startup_stm32h755xx_CM4.o
DFSDM1_FLT3_IRQHandler                            build/startup_stm32h755xx_CM4.o
DMA1_Stream0_IRQHandler                           build/startup_stm32h755xx_CM4.o
DMA1_Stream1_IRQHandler                           build/startup_stm32h755xx_CM4.o
DMA1_Stream2_IRQHandler                           build/startup_stm32h755xx_CM4.o
DMA1_Stream3_IRQHandler                           build/startup_stm32h755xx_CM4.o
DMA1_Stream4_IRQHandler                           build/startup_stm32h755xx_CM4.o
DMA1_Stream5_IRQHandler                           build/startup_stm32h755xx_CM4.o
DMA1_Stream6_IRQHandler                           build/startup_stm32h755xx_CM4.o
DMA1_Stream7_IRQHandler                           build/startup_stm32h755xx_CM4.o
DMA2D_IRQHandler                                  build/startup_stm32h755xx_CM4.o
DMA2_Stream0_IRQHandler                           build/startup_stm32h755xx_CM4.o
DMA2_Stream1_IRQHandler                           build/startup_stm32h755xx_CM4.o
DMA2_Stream2_IRQHandler                           build/startup_stm32h755xx_CM4.o
DMA2_Stream3_IRQHandler                           build/startup_stm32h755xx_CM4.o
DMA2_Stream4_IRQHandler                           build/startup_stm32h755xx_CM4.o
DMA2_Stream5_IRQHandler                           build/startup_stm32h755xx_CM4.o
DMA2_Stream6_IRQHandler                           build/startup_stm32h755xx_CM4.o
DMA2_Stream7_IRQHandler                           build/startup_stm32h755xx_CM4.o
DMAMUX1_OVR_IRQHandler                            build/startup_stm32h755xx_CM4.o
DMAMUX2_OVR_IRQHandler                            build/startup_stm32h755xx_CM4.o
DebugMon_Handler                                  build/stm32h7xx_it.o
Default_Handler                                   build/startup_stm32h755xx_CM4.o
ECC_IRQHandler                                    build/startup_stm32h755xx_CM4.o
ETH_IRQHandler                                    build/startup_stm32h755xx_CM4.o
ETH_WKUP_IRQHandler                               build/startup_stm32h755xx_CM4.o
EXTI0_IRQHandler                                  build/startup_stm32h755xx_CM4.o
EXTI15_10_IRQHandler                              build/startup_stm32h755xx_CM4.o
EXTI1_IRQHandler                                  build/startup_stm32h755xx_CM4.o
EXTI2_IRQHandler                                  build/startup_stm32h755xx_CM4.o
EXTI3_IRQHandler                                  build/startup_stm32h755xx_CM4.o
EXTI4_IRQHandler                                  build/startup_stm32h755xx_CM4.o
EXTI9_5_IRQHandler                                build/startup_stm32h755xx_CM4.o
Error_Handler                                     build/main.o
                                                  build/stm32h7xx_hal_msp.o
FDCAN1_IT0_IRQHandler                             build/startup_stm32h755xx_CM4.o
FDCAN1_IT1_IRQHandler                             build/startup_stm32h755xx_CM4.o
FDCAN2_IT0_IRQHandler                             build/startup_stm32h755xx_CM4.o
FDCAN2_IT1_IRQHandler                             build/startup_stm32h755xx_CM4.o
FDCAN_CAL_IRQHandler                              build/startup_stm32h755xx_CM4.o
FLASH_CRC_WaitForLastOperation                    build/stm32h7xx_hal_flash.o
                                                  build/stm32h7xx_hal_flash_ex.o
FLASH_Erase_Sector                                build/stm32h7xx_hal_flash_ex.o
                                                  build/stm32h7xx_hal_flash.o
FLASH_IRQHandler                                  build/startup_stm32h755xx_CM4.o
FLASH_OB_WaitForLastOperation                     build/stm32h7xx_hal_flash.o
                                                  build/stm32h7xx_hal_flash_ex.o
FLASH_WaitForLastOperation                        build/stm32h7xx_hal_flash.o
                                                  build/stm32h7xx_hal_flash_ex.o
FMC_IRQHandler                                    build/startup_stm32h755xx_CM4.o
FPU_IRQHandler                                    build/startup_stm32h755xx_CM4.o
HAL_DBGMCU_DisableDBGSleepMode                    build/stm32h7xx_hal.o
HAL_DBGMCU_DisableDBGStandbyMode                  build/stm32h7xx_hal.o
HAL_DBGMCU_DisableDBGStopMode                     build/stm32h7xx_hal.o
HAL_DBGMCU_EnableDBGSleepMode                     build/stm32h7xx_hal.o
HAL_DBGMCU_EnableDBGStandbyMode                   build/stm32h7xx_hal.o
HAL_DBGMCU_EnableDBGStopMode                      build/stm32h7xx_hal.o
HAL_DMAEx_ChangeMemory                            build/stm32h7xx_hal_dma_ex.o
HAL_DMAEx_ConfigMuxRequestGenerator               build/stm32h7xx_hal_dma_ex.o
HAL_DMAEx_ConfigMuxSync                           build/stm32h7xx_hal_dma_ex.o
HAL_DMAEx_DisableMuxRequestGenerator              build/stm32h7xx_hal_dma_ex.o
HAL_DMAEx_EnableMuxRequestGenerator               build/stm32h7xx_hal_dma_ex.o
HAL_DMAEx_MUX_IRQHandler                          build/stm32h7xx_hal_dma_ex.o
HAL_DMAEx_MultiBufferStart                        build/stm32h7xx_hal_dma_ex.o
HAL_DMAEx_MultiBufferStart_IT                     build/stm32h7xx_hal_dma_ex.o
HAL_DMA_Abort                                     build/stm32h7xx_hal_dma.o
                                                  build/stm32h7xx_hal_uart.o
HAL_DMA_Abort_IT                                  build/stm32h7xx_hal_dma.o
                                                  build/stm32h7xx_hal_uart.o
                                                  build/stm32h7xx_hal_i2c.o
HAL_DMA_DeInit                                    build/stm32h7xx_hal_dma.o
HAL_DMA_GetError                                  build/stm32h7xx_hal_dma.o
                                                  build/stm32h7xx_hal_uart.o
                                                  build/stm32h7xx_hal_i2c.o
HAL_DMA_GetState                                  build/stm32h7xx_hal_dma.o
                                                  build/stm32h7xx_hal_i2c.o
HAL_DMA_IRQHandler                                build/stm32h7xx_hal_dma.o
HAL_DMA_Init                                      build/stm32h7xx_hal_dma.o
HAL_DMA_PollForTransfer                           build/stm32h7xx_hal_dma.o
HAL_DMA_RegisterCallback                          build/stm32h7xx_hal_dma.o
HAL_DMA_Start                                     build/stm32h7xx_hal_dma.o
HAL_DMA_Start_IT                                  build/stm32h7xx_hal_dma.o
                                                  build/stm32h7xx_hal_uart.o
                                                  build/stm32h7xx_hal_i2c.o
HAL_DMA_UnRegisterCallback                        build/stm32h7xx_hal_dma.o
HAL_DeInit                                        build/stm32h7xx_hal.o
HAL_Delay                                         build/stm32h7xx_hal.o
HAL_DisableCompensationCell                       build/stm32h7xx_hal.o
HAL_DisableDomain2DBGSleepMode                    build/stm32h7xx_hal.o
HAL_DisableDomain2DBGStandbyMode                  build/stm32h7xx_hal.o
HAL_DisableDomain2DBGStopMode                     build/stm32h7xx_hal.o
HAL_EXTI_ClearConfigLine                          build/stm32h7xx_hal_exti.o
HAL_EXTI_ClearPending                             build/stm32h7xx_hal_exti.o
HAL_EXTI_D1_ClearFlag                             build/stm32h7xx_hal.o
HAL_EXTI_D1_EventInputConfig                      build/stm32h7xx_hal.o
HAL_EXTI_D2_ClearFlag                             build/stm32h7xx_hal.o
HAL_EXTI_D2_EventInputConfig                      build/stm32h7xx_hal.o
HAL_EXTI_D3_EventInputConfig                      build/stm32h7xx_hal.o
HAL_EXTI_EdgeConfig                               build/stm32h7xx_hal.o
HAL_EXTI_GenerateSWI                              build/stm32h7xx_hal_exti.o
HAL_EXTI_GenerateSWInterrupt                      build/stm32h7xx_hal.o
HAL_EXTI_GetConfigLine                            build/stm32h7xx_hal_exti.o
HAL_EXTI_GetHandle                                build/stm32h7xx_hal_exti.o
HAL_EXTI_GetPending                               build/stm32h7xx_hal_exti.o
HAL_EXTI_IRQHandler                               build/stm32h7xx_hal_exti.o
HAL_EXTI_RegisterCallback                         build/stm32h7xx_hal_exti.o
HAL_EXTI_SetConfigLine                            build/stm32h7xx_hal_exti.o
HAL_EnableCompensationCell                        build/stm32h7xx_hal.o
HAL_EnableDomain2DBGSleepMode                     build/stm32h7xx_hal.o
HAL_EnableDomain2DBGStandbyMode                   build/stm32h7xx_hal.o
HAL_EnableDomain2DBGStopMode                      build/stm32h7xx_hal.o
HAL_FLASHEx_ComputeCRC                            build/stm32h7xx_hal_flash_ex.o
HAL_FLASHEx_Erase                                 build/stm32h7xx_hal_flash_ex.o
HAL_FLASHEx_Erase_IT                              build/stm32h7xx_hal_flash_ex.o
HAL_FLASHEx_Lock_Bank1                            build/stm32h7xx_hal_flash_ex.o
HAL_FLASHEx_Lock_Bank2                            build/stm32h7xx_hal_flash_ex.o
HAL_FLASHEx_OBGetConfig                           build/stm32h7xx_hal_flash_ex.o
HAL_FLASHEx_OBProgram                             build/stm32h7xx_hal_flash_ex.o
HAL_FLASHEx_Unlock_Bank1                          build/stm32h7xx_hal_flash_ex.o
HAL_FLASHEx_Unlock_Bank2                          build/stm32h7xx_hal_flash_ex.o
HAL_FLASH_EndOfOperationCallback                  build/stm32h7xx_hal_flash.o
HAL_FLASH_GetError                                build/stm32h7xx_hal_flash.o
HAL_FLASH_IRQHandler                              build/stm32h7xx_hal_flash.o
HAL_FLASH_Lock                                    build/stm32h7xx_hal_flash.o
HAL_FLASH_OB_Launch                               build/stm32h7xx_hal_flash.o
HAL_FLASH_OB_Lock                                 build/stm32h7xx_hal_flash.o
HAL_FLASH_OB_Unlock                               build/stm32h7xx_hal_flash.o
HAL_FLASH_OperationErrorCallback                  build/stm32h7xx_hal_flash.o
HAL_FLASH_Program                                 build/stm32h7xx_hal_flash.o
HAL_FLASH_Program_IT                              build/stm32h7xx_hal_flash.o
HAL_FLASH_Unlock                                  build/stm32h7xx_hal_flash.o
HAL_GPIO_DeInit                                   build/stm32h7xx_hal_gpio.o
HAL_GPIO_EXTI_Callback                            build/stm32h7xx_hal_gpio.o
HAL_GPIO_EXTI_IRQHandler                          build/stm32h7xx_hal_gpio.o
HAL_GPIO_Init                                     build/stm32h7xx_hal_gpio.o
                                                  build/stm32h7xx_hal_rcc.o
HAL_GPIO_LockPin                                  build/stm32h7xx_hal_gpio.o
HAL_GPIO_ReadPin                                  build/stm32h7xx_hal_gpio.o
HAL_GPIO_TogglePin                                build/stm32h7xx_hal_gpio.o
HAL_GPIO_WritePin                                 build/stm32h7xx_hal_gpio.o
HAL_GetCurrentCPUID                               build/stm32h7xx_hal_cortex.o
                                                  build/stm32h7xx_hal_exti.o
                                                  build/stm32h7xx_hal_pwr_ex.o
                                                  build/stm32h7xx_hal_pwr.o
HAL_GetDEVID                                      build/stm32h7xx_hal.o
HAL_GetFMCMemorySwappingConfig                    build/stm32h7xx_hal.o
HAL_GetHalVersion                                 build/stm32h7xx_hal.o
HAL_GetREVID                                      build/stm32h7xx_hal.o
                                                  build/stm32h7xx_hal_rcc_ex.o
                                                  build/stm32h7xx_hal_rcc.o
HAL_GetTick                                       build/stm32h7xx_hal.o
                                                  build/stm32h7xx_hal_uart_ex.o
                                                  build/stm32h7xx_hal_uart.o
                                                  build/stm32h7xx_hal_i2c.o
                                                  build/stm32h7xx_hal_pwr_ex.o
                                                  build/stm32h7xx_hal_mdma.o
                                                  build/stm32h7xx_hal_dma.o
                                                  build/stm32h7xx_hal_flash.o
                                                  build/stm32h7xx_hal_rcc_ex.o
                                                  build/stm32h7xx_hal_rcc.o
HAL_GetTickFreq                                   build/stm32h7xx_hal.o
HAL_GetTickPrio                                   build/stm32h7xx_hal.o
HAL_GetUIDw0                                      build/stm32h7xx_hal.o
HAL_GetUIDw1                                      build/stm32h7xx_hal.o
HAL_GetUIDw2                                      build/stm32h7xx_hal.o
HAL_HSEM_ActivateNotification                     build/stm32h7xx_hal_hsem.o
                                                  build/main.o
HAL_HSEM_DeactivateNotification                   build/stm32h7xx_hal_hsem.o
HAL_HSEM_FastTake                                 build/stm32h7xx_hal_hsem.o
HAL_HSEM_FreeCallback                             build/stm32h7xx_hal_hsem.o
HAL_HSEM_GetClearKey                              build/stm32h7xx_hal_hsem.o
HAL_HSEM_IRQHandler                               build/stm32h7xx_hal_hsem.o
HAL_HSEM_IsSemTaken                               build/stm32h7xx_hal_hsem.o
HAL_HSEM_Release                                  build/stm32h7xx_hal_hsem.o
HAL_HSEM_ReleaseAll                               build/stm32h7xx_hal_hsem.o
HAL_HSEM_SetClearKey                              build/stm32h7xx_hal_hsem.o
HAL_HSEM_Take                                     build/stm32h7xx_hal_hsem.o
HAL_HalfDuplex_EnableReceiver                     build/stm32h7xx_hal_uart.o
HAL_HalfDuplex_EnableTransmitter                  build/stm32h7xx_hal_uart.o
HAL_HalfDuplex_Init                               build/stm32h7xx_hal_uart.o
HAL_I2CEx_ConfigAnalogFilter                      build/stm32h7xx_hal_i2c_ex.o
HAL_I2CEx_ConfigDigitalFilter                     build/stm32h7xx_hal_i2c_ex.o
HAL_I2CEx_DisableFastModePlus                     build/stm32h7xx_hal_i2c_ex.o
HAL_I2CEx_DisableWakeUp                           build/stm32h7xx_hal_i2c_ex.o
HAL_I2CEx_EnableFastModePlus                      build/stm32h7xx_hal_i2c_ex.o
HAL_I2CEx_EnableWakeUp                            build/stm32h7xx_hal_i2c_ex.o
HAL_I2C_AbortCpltCallback                         build/stm32h7xx_hal_i2c.o
HAL_I2C_AddrCallback                              build/stm32h7xx_hal_i2c.o
HAL_I2C_DeInit                                    build/stm32h7xx_hal_i2c.o
HAL_I2C_DisableListen_IT                          build/stm32h7xx_hal_i2c.o
HAL_I2C_ER_IRQHandler                             build/stm32h7xx_hal_i2c.o
HAL_I2C_EV_IRQHandler                             build/stm32h7xx_hal_i2c.o
HAL_I2C_EnableListen_IT                           build/stm32h7xx_hal_i2c.o
HAL_I2C_ErrorCallback                             build/stm32h7xx_hal_i2c.o
HAL_I2C_GetError                                  build/stm32h7xx_hal_i2c.o
HAL_I2C_GetMode                                   build/stm32h7xx_hal_i2c.o
HAL_I2C_GetState                                  build/stm32h7xx_hal_i2c.o
HAL_I2C_Init                                      build/stm32h7xx_hal_i2c.o
HAL_I2C_IsDeviceReady                             build/stm32h7xx_hal_i2c.o
HAL_I2C_ListenCpltCallback                        build/stm32h7xx_hal_i2c.o
HAL_I2C_MasterRxCpltCallback                      build/stm32h7xx_hal_i2c.o
HAL_I2C_MasterTxCpltCallback                      build/stm32h7xx_hal_i2c.o
HAL_I2C_Master_Abort_IT                           build/stm32h7xx_hal_i2c.o
HAL_I2C_Master_Receive                            build/stm32h7xx_hal_i2c.o
HAL_I2C_Master_Receive_DMA                        build/stm32h7xx_hal_i2c.o
HAL_I2C_Master_Receive_IT                         build/stm32h7xx_hal_i2c.o
HAL_I2C_Master_Seq_Receive_DMA                    build/stm32h7xx_hal_i2c.o
HAL_I2C_Master_Seq_Receive_IT                     build/stm32h7xx_hal_i2c.o
HAL_I2C_Master_Seq_Transmit_DMA                   build/stm32h7xx_hal_i2c.o
HAL_I2C_Master_Seq_Transmit_IT                    build/stm32h7xx_hal_i2c.o
HAL_I2C_Master_Transmit                           build/stm32h7xx_hal_i2c.o
HAL_I2C_Master_Transmit_DMA                       build/stm32h7xx_hal_i2c.o
HAL_I2C_Master_Transmit_IT                        build/stm32h7xx_hal_i2c.o
HAL_I2C_MemRxCpltCallback                         build/stm32h7xx_hal_i2c.o
HAL_I2C_MemTxCpltCallback                         build/stm32h7xx_hal_i2c.o
HAL_I2C_Mem_Read                                  build/stm32h7xx_hal_i2c.o
HAL_I2C_Mem_Read_DMA                              build/stm32h7xx_hal_i2c.o
HAL_I2C_Mem_Read_IT                               build/stm32h7xx_hal_i2c.o
HAL_I2C_Mem_Write                                 build/stm32h7xx_hal_i2c.o
HAL_I2C_Mem_Write_DMA                             build/stm32h7xx_hal_i2c.o
HAL_I2C_Mem_Write_IT                              build/stm32h7xx_hal_i2c.o
HAL_I2C_MspDeInit                                 build/stm32h7xx_hal_i2c.o
HAL_I2C_MspInit                                   build/stm32h7xx_hal_i2c.o
HAL_I2C_SlaveRxCpltCallback                       build/stm32h7xx_hal_i2c.o
HAL_I2C_SlaveTxCpltCallback                       build/stm32h7xx_hal_i2c.o
HAL_I2C_Slave_Receive                             build/stm32h7xx_hal_i2c.o
HAL_I2C_Slave_Receive_DMA                         build/stm32h7xx_hal_i2c.o
HAL_I2C_Slave_Receive_IT                          build/stm32h7xx_hal_i2c.o
HAL_I2C_Slave_Seq_Receive_DMA                     build/stm32h7xx_hal_i2c.o
HAL_I2C_Slave_Seq_Receive_IT                      build/stm32h7xx_hal_i2c.o
HAL_I2C_Slave_Seq_Transmit_DMA                    build/stm32h7xx_hal_i2c.o
HAL_I2C_Slave_Seq_Transmit_IT                     build/stm32h7xx_hal_i2c.o
HAL_I2C_Slave_Transmit                            build/stm32h7xx_hal_i2c.o
HAL_I2C_Slave_Transmit_DMA                        build/stm32h7xx_hal_i2c.o
HAL_I2C_Slave_Transmit_IT                         build/stm32h7xx_hal_i2c.o
HAL_IncTick                                       build/stm32h7xx_hal.o
                                                  build/stm32h7xx_it.o
HAL_Init                                          build/stm32h7xx_hal.o
                                                  build/main.o
HAL_InitTick                                      build/stm32h7xx_hal.o
                                                  build/stm32h7xx_hal_rcc.o
HAL_LIN_Init                                      build/stm32h7xx_hal_uart.o
HAL_LIN_SendBreak                                 build/stm32h7xx_hal_uart.o
HAL_MDMA_Abort                                    build/stm32h7xx_hal_mdma.o
HAL_MDMA_Abort_IT                                 build/stm32h7xx_hal_mdma.o
HAL_MDMA_ConfigPostRequestMask                    build/stm32h7xx_hal_mdma.o
HAL_MDMA_DeInit                                   build/stm32h7xx_hal_mdma.o
HAL_MDMA_GenerateSWRequest                        build/stm32h7xx_hal_mdma.o
HAL_MDMA_GetError                                 build/stm32h7xx_hal_mdma.o
HAL_MDMA_GetState                                 build/stm32h7xx_hal_mdma.o
HAL_MDMA_IRQHandler                               build/stm32h7xx_hal_mdma.o
HAL_MDMA_Init                                     build/stm32h7xx_hal_mdma.o
HAL_MDMA_LinkedList_AddNode                       build/stm32h7xx_hal_mdma.o
HAL_MDMA_LinkedList_CreateNode                    build/stm32h7xx_hal_mdma.o
HAL_MDMA_LinkedList_DisableCircularMode           build/stm32h7xx_hal_mdma.o
HAL_MDMA_LinkedList_EnableCircularMode            build/stm32h7xx_hal_mdma.o
HAL_MDMA_LinkedList_RemoveNode                    build/stm32h7xx_hal_mdma.o
HAL_MDMA_PollForTransfer                          build/stm32h7xx_hal_mdma.o
HAL_MDMA_RegisterCallback                         build/stm32h7xx_hal_mdma.o
HAL_MDMA_Start                                    build/stm32h7xx_hal_mdma.o
HAL_MDMA_Start_IT                                 build/stm32h7xx_hal_mdma.o
HAL_MDMA_UnRegisterCallback                       build/stm32h7xx_hal_mdma.o
HAL_MPU_ConfigRegion                              build/stm32h7xx_hal_cortex.o
HAL_MPU_Disable                                   build/stm32h7xx_hal_cortex.o
HAL_MPU_Enable                                    build/stm32h7xx_hal_cortex.o
HAL_MspDeInit                                     build/stm32h7xx_hal.o
HAL_MspInit                                       build/stm32h7xx_hal_msp.o
HAL_MultiProcessorEx_AddressLength_Set            build/stm32h7xx_hal_uart_ex.o
HAL_MultiProcessor_DisableMuteMode                build/stm32h7xx_hal_uart.o
HAL_MultiProcessor_EnableMuteMode                 build/stm32h7xx_hal_uart.o
HAL_MultiProcessor_EnterMuteMode                  build/stm32h7xx_hal_uart.o
HAL_MultiProcessor_Init                           build/stm32h7xx_hal_uart.o
HAL_NVIC_ClearPendingIRQ                          build/stm32h7xx_hal_cortex.o
HAL_NVIC_DisableIRQ                               build/stm32h7xx_hal_cortex.o
HAL_NVIC_EnableIRQ                                build/stm32h7xx_hal_cortex.o
HAL_NVIC_GetActive                                build/stm32h7xx_hal_cortex.o
HAL_NVIC_GetPendingIRQ                            build/stm32h7xx_hal_cortex.o
HAL_NVIC_GetPriority                              build/stm32h7xx_hal_cortex.o
HAL_NVIC_GetPriorityGrouping                      build/stm32h7xx_hal_cortex.o
HAL_NVIC_SetPendingIRQ                            build/stm32h7xx_hal_cortex.o
HAL_NVIC_SetPriority                              build/stm32h7xx_hal_cortex.o
                                                  build/stm32h7xx_hal.o
HAL_NVIC_SetPriorityGrouping                      build/stm32h7xx_hal_cortex.o
                                                  build/stm32h7xx_hal.o
HAL_NVIC_SystemReset                              build/stm32h7xx_hal_cortex.o
HAL_PWREx_AVDCallback                             build/stm32h7xx_hal_pwr_ex.o
HAL_PWREx_ClearDomainFlags                        build/stm32h7xx_hal_pwr_ex.o
HAL_PWREx_ClearPendingEvent                       build/stm32h7xx_hal_pwr_ex.o
                                                  build/main.o
HAL_PWREx_ClearWakeupFlag                         build/stm32h7xx_hal_pwr_ex.o
HAL_PWREx_ConfigAVD                               build/stm32h7xx_hal_pwr_ex.o
HAL_PWREx_ConfigD3Domain                          build/stm32h7xx_hal_pwr_ex.o
HAL_PWREx_ConfigSupply                            build/stm32h7xx_hal_pwr_ex.o
HAL_PWREx_ControlStopModeVoltageScaling           build/stm32h7xx_hal_pwr_ex.o
HAL_PWREx_ControlVoltageScaling                   build/stm32h7xx_hal_pwr_ex.o
HAL_PWREx_DisableAVD                              build/stm32h7xx_hal_pwr_ex.o
HAL_PWREx_DisableBatteryCharging                  build/stm32h7xx_hal_pwr_ex.o
HAL_PWREx_DisableBkUpReg                          build/stm32h7xx_hal_pwr_ex.o
HAL_PWREx_DisableFlashPowerDown                   build/stm32h7xx_hal_pwr_ex.o
HAL_PWREx_DisableMonitoring                       build/stm32h7xx_hal_pwr_ex.o
HAL_PWREx_DisableUSBReg                           build/stm32h7xx_hal_pwr_ex.o
HAL_PWREx_DisableUSBVoltageDetector               build/stm32h7xx_hal_pwr_ex.o
HAL_PWREx_DisableWakeUpPin                        build/stm32h7xx_hal_pwr_ex.o
HAL_PWREx_EnableAVD                               build/stm32h7xx_hal_pwr_ex.o
HAL_PWREx_EnableBatteryCharging                   build/stm32h7xx_hal_pwr_ex.o
HAL_PWREx_EnableBkUpReg                           build/stm32h7xx_hal_pwr_ex.o
HAL_PWREx_EnableFlashPowerDown                    build/stm32h7xx_hal_pwr_ex.o
HAL_PWREx_EnableMonitoring                        build/stm32h7xx_hal_pwr_ex.o
HAL_PWREx_EnableUSBReg                            build/stm32h7xx_hal_pwr_ex.o
HAL_PWREx_EnableUSBVoltageDetector                build/stm32h7xx_hal_pwr_ex.o
HAL_PWREx_EnableWakeUpPin                         build/stm32h7xx_hal_pwr_ex.o
HAL_PWREx_EnterSTANDBYMode                        build/stm32h7xx_hal_pwr_ex.o
HAL_PWREx_EnterSTOPMode                           build/stm32h7xx_hal_pwr_ex.o
                                                  build/main.o
HAL_PWREx_GetStopModeVoltageRange                 build/stm32h7xx_hal_pwr_ex.o
HAL_PWREx_GetSupplyConfig                         build/stm32h7xx_hal_pwr_ex.o
HAL_PWREx_GetTemperatureLevel                     build/stm32h7xx_hal_pwr_ex.o
HAL_PWREx_GetVBATLevel                            build/stm32h7xx_hal_pwr_ex.o
HAL_PWREx_GetVoltageRange                         build/stm32h7xx_hal_pwr_ex.o
HAL_PWREx_GetWakeupFlag                           build/stm32h7xx_hal_pwr_ex.o
HAL_PWREx_HoldCore                                build/stm32h7xx_hal_pwr_ex.o
HAL_PWREx_PVD_AVD_IRQHandler                      build/stm32h7xx_hal_pwr_ex.o
HAL_PWREx_ReleaseCore                             build/stm32h7xx_hal_pwr_ex.o
HAL_PWREx_WAKEUP_PIN_IRQHandler                   build/stm32h7xx_hal_pwr_ex.o
HAL_PWREx_WKUP1_Callback                          build/stm32h7xx_hal_pwr_ex.o
HAL_PWREx_WKUP2_Callback                          build/stm32h7xx_hal_pwr_ex.o
HAL_PWREx_WKUP3_Callback                          build/stm32h7xx_hal_pwr_ex.o
HAL_PWREx_WKUP4_Callback                          build/stm32h7xx_hal_pwr_ex.o
HAL_PWREx_WKUP5_Callback                          build/stm32h7xx_hal_pwr_ex.o
HAL_PWREx_WKUP6_Callback                          build/stm32h7xx_hal_pwr_ex.o
HAL_PWR_ConfigPVD                                 build/stm32h7xx_hal_pwr.o
HAL_PWR_DeInit                                    build/stm32h7xx_hal_pwr.o
HAL_PWR_DisableBkUpAccess                         build/stm32h7xx_hal_pwr.o
HAL_PWR_DisablePVD                                build/stm32h7xx_hal_pwr.o
HAL_PWR_DisableSEVOnPend                          build/stm32h7xx_hal_pwr.o
HAL_PWR_DisableSleepOnExit                        build/stm32h7xx_hal_pwr.o
HAL_PWR_DisableWakeUpPin                          build/stm32h7xx_hal_pwr.o
HAL_PWR_EnableBkUpAccess                          build/stm32h7xx_hal_pwr.o
HAL_PWR_EnablePVD                                 build/stm32h7xx_hal_pwr.o
HAL_PWR_EnableSEVOnPend                           build/stm32h7xx_hal_pwr.o
HAL_PWR_EnableSleepOnExit                         build/stm32h7xx_hal_pwr.o
HAL_PWR_EnableWakeUpPin                           build/stm32h7xx_hal_pwr.o
HAL_PWR_EnterSLEEPMode                            build/stm32h7xx_hal_pwr.o
HAL_PWR_EnterSTANDBYMode                          build/stm32h7xx_hal_pwr.o
HAL_PWR_EnterSTOPMode                             build/stm32h7xx_hal_pwr.o
HAL_PWR_PVDCallback                               build/stm32h7xx_hal_pwr.o
                                                  build/stm32h7xx_hal_pwr_ex.o
HAL_PWR_PVD_IRQHandler                            build/stm32h7xx_hal_pwr.o
HAL_RCCEx_CRSConfig                               build/stm32h7xx_hal_rcc_ex.o
HAL_RCCEx_CRSGetSynchronizationInfo               build/stm32h7xx_hal_rcc_ex.o
HAL_RCCEx_CRSSoftwareSynchronizationGenerate      build/stm32h7xx_hal_rcc_ex.o
HAL_RCCEx_CRSWaitSynchronization                  build/stm32h7xx_hal_rcc_ex.o
HAL_RCCEx_CRS_ErrorCallback                       build/stm32h7xx_hal_rcc_ex.o
HAL_RCCEx_CRS_ExpectedSyncCallback                build/stm32h7xx_hal_rcc_ex.o
HAL_RCCEx_CRS_IRQHandler                          build/stm32h7xx_hal_rcc_ex.o
HAL_RCCEx_CRS_SyncOkCallback                      build/stm32h7xx_hal_rcc_ex.o
HAL_RCCEx_CRS_SyncWarnCallback                    build/stm32h7xx_hal_rcc_ex.o
HAL_RCCEx_DisableLSECSS                           build/stm32h7xx_hal_rcc_ex.o
HAL_RCCEx_EnableBootCore                          build/stm32h7xx_hal_rcc_ex.o
HAL_RCCEx_EnableLSECSS                            build/stm32h7xx_hal_rcc_ex.o
HAL_RCCEx_EnableLSECSS_IT                         build/stm32h7xx_hal_rcc_ex.o
HAL_RCCEx_GetD1PCLK1Freq                          build/stm32h7xx_hal_rcc_ex.o
HAL_RCCEx_GetD1SysClockFreq                       build/stm32h7xx_hal_rcc_ex.o
HAL_RCCEx_GetD3PCLK1Freq                          build/stm32h7xx_hal_rcc_ex.o
                                                  build/stm32h7xx_hal_uart.o
HAL_RCCEx_GetPLL1ClockFreq                        build/stm32h7xx_hal_rcc_ex.o
HAL_RCCEx_GetPLL2ClockFreq                        build/stm32h7xx_hal_rcc_ex.o
                                                  build/stm32h7xx_hal_uart.o
HAL_RCCEx_GetPLL3ClockFreq                        build/stm32h7xx_hal_rcc_ex.o
                                                  build/stm32h7xx_hal_uart.o
HAL_RCCEx_GetPeriphCLKConfig                      build/stm32h7xx_hal_rcc_ex.o
HAL_RCCEx_GetPeriphCLKFreq                        build/stm32h7xx_hal_rcc_ex.o
HAL_RCCEx_KerWakeUpStopCLKConfig                  build/stm32h7xx_hal_rcc_ex.o
HAL_RCCEx_LSECSS_Callback                         build/stm32h7xx_hal_rcc_ex.o
HAL_RCCEx_LSECSS_IRQHandler                       build/stm32h7xx_hal_rcc_ex.o
HAL_RCCEx_PeriphCLKConfig                         build/stm32h7xx_hal_rcc_ex.o
                                                  build/stm32h7xx_hal_msp.o
HAL_RCCEx_WWDGxSysResetConfig                     build/stm32h7xx_hal_rcc_ex.o
HAL_RCCEx_WakeUpStopCLKConfig                     build/stm32h7xx_hal_rcc_ex.o
HAL_RCC_CSSCallback                               build/stm32h7xx_hal_rcc.o
HAL_RCC_ClockConfig                               build/stm32h7xx_hal_rcc.o
HAL_RCC_DeInit                                    build/stm32h7xx_hal_rcc.o
HAL_RCC_DisableCSS                                build/stm32h7xx_hal_rcc.o
HAL_RCC_EnableCSS                                 build/stm32h7xx_hal_rcc.o
HAL_RCC_GetClockConfig                            build/stm32h7xx_hal_rcc.o
HAL_RCC_GetHCLKFreq                               build/stm32h7xx_hal_rcc.o
                                                  build/stm32h7xx_hal_rcc_ex.o
HAL_RCC_GetOscConfig                              build/stm32h7xx_hal_rcc.o
HAL_RCC_GetPCLK1Freq                              build/stm32h7xx_hal_rcc.o
                                                  build/stm32h7xx_hal_uart.o
                                                  build/stm32h7xx_hal_rcc_ex.o
HAL_RCC_GetPCLK2Freq                              build/stm32h7xx_hal_rcc.o
                                                  build/stm32h7xx_hal_uart.o
HAL_RCC_GetSysClockFreq                           build/stm32h7xx_hal_rcc.o
                                                  build/stm32h7xx_hal.o
                                                  build/stm32h7xx_hal_rcc_ex.o
HAL_RCC_MCOConfig                                 build/stm32h7xx_hal_rcc.o
HAL_RCC_NMI_IRQHandler                            build/stm32h7xx_hal_rcc.o
HAL_RCC_OscConfig                                 build/stm32h7xx_hal_rcc.o
HAL_RS485Ex_Init                                  build/stm32h7xx_hal_uart_ex.o
HAL_ResumeTick                                    build/stm32h7xx_hal.o
HAL_SYSCFG_AnalogSwitchConfig                     build/stm32h7xx_hal.o
HAL_SYSCFG_CM4BootAddConfig                       build/stm32h7xx_hal.o
HAL_SYSCFG_CM7BootAddConfig                       build/stm32h7xx_hal.o
HAL_SYSCFG_CompensationCodeConfig                 build/stm32h7xx_hal.o
HAL_SYSCFG_CompensationCodeSelect                 build/stm32h7xx_hal.o
HAL_SYSCFG_DisableBOOST                           build/stm32h7xx_hal.o
HAL_SYSCFG_DisableCM4BOOT                         build/stm32h7xx_hal.o
HAL_SYSCFG_DisableCM7BOOT                         build/stm32h7xx_hal.o
HAL_SYSCFG_DisableIOSpeedOptimize                 build/stm32h7xx_hal.o
HAL_SYSCFG_DisableVREFBUF                         build/stm32h7xx_hal.o
HAL_SYSCFG_ETHInterfaceSelect                     build/stm32h7xx_hal.o
HAL_SYSCFG_EnableBOOST                            build/stm32h7xx_hal.o
HAL_SYSCFG_EnableCM4BOOT                          build/stm32h7xx_hal.o
HAL_SYSCFG_EnableCM7BOOT                          build/stm32h7xx_hal.o
HAL_SYSCFG_EnableIOSpeedOptimize                  build/stm32h7xx_hal.o
HAL_SYSCFG_EnableVREFBUF                          build/stm32h7xx_hal.o
HAL_SYSCFG_VREFBUF_HighImpedanceConfig            build/stm32h7xx_hal.o
HAL_SYSCFG_VREFBUF_TrimmingConfig                 build/stm32h7xx_hal.o
HAL_SYSCFG_VREFBUF_VoltageScalingConfig           build/stm32h7xx_hal.o
HAL_SYSTICK_CLKSourceConfig                       build/stm32h7xx_hal_cortex.o
HAL_SYSTICK_Callback                              build/stm32h7xx_hal_cortex.o
HAL_SYSTICK_Config                                build/stm32h7xx_hal_cortex.o
                                                  build/stm32h7xx_hal.o
HAL_SYSTICK_IRQHandler                            build/stm32h7xx_hal_cortex.o
HAL_SetFMCMemorySwappingConfig                    build/stm32h7xx_hal.o
HAL_SetTickFreq                                   build/stm32h7xx_hal.o
HAL_SuspendTick                                   build/stm32h7xx_hal.o
HAL_UARTEx_DisableFifoMode                        build/stm32h7xx_hal_uart_ex.o
                                                  build/main.o
HAL_UARTEx_DisableStopMode                        build/stm32h7xx_hal_uart_ex.o
HAL_UARTEx_EnableFifoMode                         build/stm32h7xx_hal_uart_ex.o
HAL_UARTEx_EnableStopMode                         build/stm32h7xx_hal_uart_ex.o
HAL_UARTEx_GetRxEventType                         build/stm32h7xx_hal_uart_ex.o
HAL_UARTEx_ReceiveToIdle                          build/stm32h7xx_hal_uart_ex.o
HAL_UARTEx_ReceiveToIdle_DMA                      build/stm32h7xx_hal_uart_ex.o
HAL_UARTEx_ReceiveToIdle_IT                       build/stm32h7xx_hal_uart_ex.o
HAL_UARTEx_RxEventCallback                        build/stm32h7xx_hal_uart.o
HAL_UARTEx_RxFifoFullCallback                     build/stm32h7xx_hal_uart_ex.o
                                                  build/stm32h7xx_hal_uart.o
HAL_UARTEx_SetRxFifoThreshold                     build/stm32h7xx_hal_uart_ex.o
                                                  build/main.o
HAL_UARTEx_SetTxFifoThreshold                     build/stm32h7xx_hal_uart_ex.o
                                                  build/main.o
HAL_UARTEx_StopModeWakeUpSourceConfig             build/stm32h7xx_hal_uart_ex.o
HAL_UARTEx_TxFifoEmptyCallback                    build/stm32h7xx_hal_uart_ex.o
                                                  build/stm32h7xx_hal_uart.o
HAL_UARTEx_WakeupCallback                         build/stm32h7xx_hal_uart_ex.o
                                                  build/stm32h7xx_hal_uart.o
HAL_UART_Abort                                    build/stm32h7xx_hal_uart.o
HAL_UART_AbortCpltCallback                        build/stm32h7xx_hal_uart.o
HAL_UART_AbortReceive                             build/stm32h7xx_hal_uart.o
HAL_UART_AbortReceiveCpltCallback                 build/stm32h7xx_hal_uart.o
HAL_UART_AbortReceive_IT                          build/stm32h7xx_hal_uart.o
HAL_UART_AbortTransmit                            build/stm32h7xx_hal_uart.o
HAL_UART_AbortTransmitCpltCallback                build/stm32h7xx_hal_uart.o
HAL_UART_AbortTransmit_IT                         build/stm32h7xx_hal_uart.o
HAL_UART_Abort_IT                                 build/stm32h7xx_hal_uart.o
HAL_UART_DMAPause                                 build/stm32h7xx_hal_uart.o
HAL_UART_DMAResume                                build/stm32h7xx_hal_uart.o
HAL_UART_DMAStop                                  build/stm32h7xx_hal_uart.o
HAL_UART_DeInit                                   build/stm32h7xx_hal_uart.o
HAL_UART_DisableReceiverTimeout                   build/stm32h7xx_hal_uart.o
HAL_UART_EnableReceiverTimeout                    build/stm32h7xx_hal_uart.o
HAL_UART_ErrorCallback                            build/stm32h7xx_hal_uart.o
HAL_UART_GetError                                 build/stm32h7xx_hal_uart.o
HAL_UART_GetState                                 build/stm32h7xx_hal_uart.o
HAL_UART_IRQHandler                               build/stm32h7xx_hal_uart.o
HAL_UART_Init                                     build/stm32h7xx_hal_uart.o
                                                  build/main.o
HAL_UART_MspDeInit                                build/stm32h7xx_hal_msp.o
HAL_UART_MspInit                                  build/stm32h7xx_hal_msp.o
                                                  build/stm32h7xx_hal_uart_ex.o
HAL_UART_Receive                                  build/stm32h7xx_hal_uart.o
HAL_UART_Receive_DMA                              build/stm32h7xx_hal_uart.o
HAL_UART_Receive_IT                               build/stm32h7xx_hal_uart.o
HAL_UART_ReceiverTimeout_Config                   build/stm32h7xx_hal_uart.o
HAL_UART_RxCpltCallback                           build/stm32h7xx_hal_uart.o
HAL_UART_RxHalfCpltCallback                       build/stm32h7xx_hal_uart.o
HAL_UART_Transmit                                 build/stm32h7xx_hal_uart.o
HAL_UART_Transmit_DMA                             build/stm32h7xx_hal_uart.o
HAL_UART_Transmit_IT                              build/stm32h7xx_hal_uart.o
HAL_UART_TxCpltCallback                           build/stm32h7xx_hal_uart.o
HAL_UART_TxHalfCpltCallback                       build/stm32h7xx_hal_uart.o
HASH_RNG_IRQHandler                               build/startup_stm32h755xx_CM4.o
HOLD_CORE_IRQHandler                              build/startup_stm32h755xx_CM4.o
HRTIM1_FLT_IRQHandler                             build/startup_stm32h755xx_CM4.o
HRTIM1_Master_IRQHandler                          build/startup_stm32h755xx_CM4.o
HRTIM1_TIMA_IRQHandler                            build/startup_stm32h755xx_CM4.o
HRTIM1_TIMB_IRQHandler                            build/startup_stm32h755xx_CM4.o
HRTIM1_TIMC_IRQHandler                            build/startup_stm32h755xx_CM4.o
HRTIM1_TIMD_IRQHandler                            build/startup_stm32h755xx_CM4.o
HRTIM1_TIME_IRQHandler                            build/startup_stm32h755xx_CM4.o
HSEM1_IRQHandler                                  build/startup_stm32h755xx_CM4.o
HSEM2_IRQHandler                                  build/startup_stm32h755xx_CM4.o
HardFault_Handler                                 build/stm32h7xx_it.o
I2C1_ER_IRQHandler                                build/startup_stm32h755xx_CM4.o
I2C1_EV_IRQHandler                                build/startup_stm32h755xx_CM4.o
I2C2_ER_IRQHandler                                build/startup_stm32h755xx_CM4.o
I2C2_EV_IRQHandler                                build/startup_stm32h755xx_CM4.o
I2C3_ER_IRQHandler                                build/startup_stm32h755xx_CM4.o
I2C3_EV_IRQHandler                                build/startup_stm32h755xx_CM4.o
I2C4_ER_IRQHandler                                build/startup_stm32h755xx_CM4.o
I2C4_EV_IRQHandler                                build/startup_stm32h755xx_CM4.o
JPEG_IRQHandler                                   build/startup_stm32h755xx_CM4.o
LPTIM1_IRQHandler                                 build/startup_stm32h755xx_CM4.o
LPTIM2_IRQHandler                                 build/startup_stm32h755xx_CM4.o
LPTIM3_IRQHandler                                 build/startup_stm32h755xx_CM4.o
LPTIM4_IRQHandler                                 build/startup_stm32h755xx_CM4.o
LPTIM5_IRQHandler                                 build/startup_stm32h755xx_CM4.o
LPUART1_IRQHandler                                build/startup_stm32h755xx_CM4.o
LTDC_ER_IRQHandler                                build/startup_stm32h755xx_CM4.o
LTDC_IRQHandler                                   build/startup_stm32h755xx_CM4.o
MDIOS_IRQHandler                                  build/startup_stm32h755xx_CM4.o
MDIOS_WKUP_IRQHandler                             build/startup_stm32h755xx_CM4.o
MDMA_IRQHandler                                   build/startup_stm32h755xx_CM4.o
MX_USART3_UART_Init                               build/main.o
MemManage_Handler                                 build/stm32h7xx_it.o
NMI_Handler                                       build/stm32h7xx_it.o
OTG_FS_EP1_IN_IRQHandler                          build/startup_stm32h755xx_CM4.o
OTG_FS_EP1_OUT_IRQHandler                         build/startup_stm32h755xx_CM4.o
OTG_FS_IRQHandler                                 build/startup_stm32h755xx_CM4.o
OTG_FS_WKUP_IRQHandler                            build/startup_stm32h755xx_CM4.o
OTG_HS_EP1_IN_IRQHandler                          build/startup_stm32h755xx_CM4.o
OTG_HS_EP1_OUT_IRQHandler                         build/startup_stm32h755xx_CM4.o
OTG_HS_IRQHandler                                 build/startup_stm32h755xx_CM4.o
OTG_HS_WKUP_IRQHandler                            build/startup_stm32h755xx_CM4.o
PVD_AVD_IRQHandler                                build/startup_stm32h755xx_CM4.o
PendSV_Handler                                    build/stm32h7xx_it.o
QUADSPI_IRQHandler                                build/startup_stm32h755xx_CM4.o
RCC_IRQHandler                                    build/startup_stm32h755xx_CM4.o
RTC_Alarm_IRQHandler                              build/startup_stm32h755xx_CM4.o
RTC_WKUP_IRQHandler                               build/startup_stm32h755xx_CM4.o
Reset_Handler                                     build/startup_stm32h755xx_CM4.o
SAI1_IRQHandler                                   build/startup_stm32h755xx_CM4.o
SAI2_IRQHandler                                   build/startup_stm32h755xx_CM4.o
SAI3_IRQHandler                                   build/startup_stm32h755xx_CM4.o
SAI4_IRQHandler                                   build/startup_stm32h755xx_CM4.o
SDMMC1_IRQHandler                                 build/startup_stm32h755xx_CM4.o
SDMMC2_IRQHandler                                 build/startup_stm32h755xx_CM4.o
SPDIF_RX_IRQHandler                               build/startup_stm32h755xx_CM4.o
SPI1_IRQHandler                                   build/startup_stm32h755xx_CM4.o
SPI2_IRQHandler                                   build/startup_stm32h755xx_CM4.o
SPI3_IRQHandler                                   build/startup_stm32h755xx_CM4.o
SPI4_IRQHandler                                   build/startup_stm32h755xx_CM4.o
SPI5_IRQHandler                                   build/startup_stm32h755xx_CM4.o
SPI6_IRQHandler                                   build/startup_stm32h755xx_CM4.o
SVC_Handler                                       build/stm32h7xx_it.o
SWPMI1_IRQHandler                                 build/startup_stm32h755xx_CM4.o
SysTick_Handler                                   build/stm32h7xx_it.o
SystemCoreClock                                   build/system_stm32h7xx_dualcore_boot_cm4_cm7.o
                                                  build/stm32h7xx_hal.o
                                                  build/stm32h7xx_hal_mdma.o
                                                  build/stm32h7xx_hal_dma.o
                                                  build/stm32h7xx_hal_rcc_ex.o
                                                  build/stm32h7xx_hal_rcc.o
SystemCoreClockUpdate                             build/system_stm32h7xx_dualcore_boot_cm4_cm7.o
SystemD2Clock                                     build/system_stm32h7xx_dualcore_boot_cm4_cm7.o
                                                  build/stm32h7xx_hal.o
                                                  build/stm32h7xx_hal_rcc_ex.o
                                                  build/stm32h7xx_hal_rcc.o
SystemInit                                        build/system_stm32h7xx_dualcore_boot_cm4_cm7.o
                                                  build/startup_stm32h755xx_CM4.o
TAMP_STAMP_IRQHandler                             build/startup_stm32h755xx_CM4.o
TIM15_IRQHandler                                  build/startup_stm32h755xx_CM4.o
TIM16_IRQHandler                                  build/startup_stm32h755xx_CM4.o
TIM17_IRQHandler                                  build/startup_stm32h755xx_CM4.o
TIM1_BRK_IRQHandler                               build/startup_stm32h755xx_CM4.o
TIM1_CC_IRQHandler                                build/startup_stm32h755xx_CM4.o
TIM1_TRG_COM_IRQHandler                           build/startup_stm32h755xx_CM4.o
TIM1_UP_IRQHandler                                build/startup_stm32h755xx_CM4.o
TIM2_IRQHandler                                   build/startup_stm32h755xx_CM4.o
TIM3_IRQHandler                                   build/startup_stm32h755xx_CM4.o
TIM4_IRQHandler                                   build/startup_stm32h755xx_CM4.o
TIM5_IRQHandler                                   build/startup_stm32h755xx_CM4.o
TIM6_DAC_IRQHandler                               build/startup_stm32h755xx_CM4.o
TIM7_IRQHandler                                   build/startup_stm32h755xx_CM4.o
TIM8_BRK_TIM12_IRQHandler                         build/startup_stm32h755xx_CM4.o
TIM8_CC_IRQHandler                                build/startup_stm32h755xx_CM4.o
TIM8_TRG_COM_TIM14_IRQHandler                     build/startup_stm32h755xx_CM4.o
TIM8_UP_TIM13_IRQHandler                          build/startup_stm32h755xx_CM4.o
UART4_IRQHandler                                  build/startup_stm32h755xx_CM4.o
UART5_IRQHandler                                  build/startup_stm32h755xx_CM4.o
UART7_IRQHandler                                  build/startup_stm32h755xx_CM4.o
UART8_IRQHandler                                  build/startup_stm32h755xx_CM4.o
UARTPrescTable                                    build/stm32h7xx_hal_uart.o
UART_AdvFeatureConfig                             build/stm32h7xx_hal_uart.o
                                                  build/stm32h7xx_hal_uart_ex.o
UART_CheckIdleState                               build/stm32h7xx_hal_uart.o
                                                  build/stm32h7xx_hal_uart_ex.o
UART_SetConfig                                    build/stm32h7xx_hal_uart.o
                                                  build/stm32h7xx_hal_uart_ex.o
UART_Start_Receive_DMA                            build/stm32h7xx_hal_uart.o
                                                  build/stm32h7xx_hal_uart_ex.o
UART_Start_Receive_IT                             build/stm32h7xx_hal_uart.o
                                                  build/stm32h7xx_hal_uart_ex.o
UART_WaitOnFlagUntilTimeout                       build/stm32h7xx_hal_uart.o
                                                  build/stm32h7xx_hal_uart_ex.o
USART1_IRQHandler                                 build/startup_stm32h755xx_CM4.o
USART2_IRQHandler                                 build/startup_stm32h755xx_CM4.o
USART3_IRQHandler                                 build/startup_stm32h755xx_CM4.o
USART6_IRQHandler                                 build/startup_stm32h755xx_CM4.o
UsageFault_Handler                                build/stm32h7xx_it.o
WAKEUP_PIN_IRQHandler                             build/startup_stm32h755xx_CM4.o
WWDG_IRQHandler                                   build/startup_stm32h755xx_CM4.o
WWDG_RST_IRQHandler                               build/startup_stm32h755xx_CM4.o
_ITM_deregisterTMCloneTable                       /usr/lib/gcc/arm-none-eabi/10.3.1/thumb/v7e-m+fp/hard/crtbegin.o
_ITM_registerTMCloneTable                         /usr/lib/gcc/arm-none-eabi/10.3.1/thumb/v7e-m+fp/hard/crtbegin.o
__TMC_END__                                       /usr/lib/gcc/arm-none-eabi/10.3.1/thumb/v7e-m+fp/hard/crtend.o
                                                  /usr/lib/gcc/arm-none-eabi/10.3.1/thumb/v7e-m+fp/hard/crtbegin.o
__aeabi_idiv0                                     /usr/lib/gcc/arm-none-eabi/10.3.1/thumb/v7e-m+fp/hard/libgcc.a(_dvmd_tls.o)
__aeabi_ldiv0                                     /usr/lib/gcc/arm-none-eabi/10.3.1/thumb/v7e-m+fp/hard/libgcc.a(_dvmd_tls.o)
                                                  /usr/lib/gcc/arm-none-eabi/10.3.1/thumb/v7e-m+fp/hard/libgcc.a(_aeabi_uldivmod.o)
__aeabi_uldivmod                                  /usr/lib/gcc/arm-none-eabi/10.3.1/thumb/v7e-m+fp/hard/libgcc.a(_aeabi_uldivmod.o)
                                                  build/stm32h7xx_hal_uart.o
__atexit_dummy                                    /usr/lib/gcc/arm-none-eabi/10.3.1/../../../arm-none-eabi/lib/thumb/v7e-m+fp/hard/libc_nano.a(lib_a-__atexit.o)
__bss_end__                                       /usr/lib/gcc/arm-none-eabi/10.3.1/../../../arm-none-eabi/lib/thumb/v7e-m+fp/hard/crt0.o
__bss_start__                                     /usr/lib/gcc/arm-none-eabi/10.3.1/../../../arm-none-eabi/lib/thumb/v7e-m+fp/hard/crt0.o
__call_exitprocs                                  /usr/lib/gcc/arm-none-eabi/10.3.1/../../../arm-none-eabi/lib/thumb/v7e-m+fp/hard/libc_nano.a(lib_a-__call_atexit.o)
                                                  /usr/lib/gcc/arm-none-eabi/10.3.1/../../../arm-none-eabi/lib/thumb/v7e-m+fp/hard/libc_nano.a(lib_a-__atexit.o)
                                                  /usr/lib/gcc/arm-none-eabi/10.3.1/../../../arm-none-eabi/lib/thumb/v7e-m+fp/hard/libc_nano.a(lib_a-exit.o)
__deregister_frame_info                           /usr/lib/gcc/arm-none-eabi/10.3.1/thumb/v7e-m+fp/hard/crtbegin.o
__dso_handle                                      /usr/lib/gcc/arm-none-eabi/10.3.1/thumb/v7e-m+fp/hard/crtbegin.o
__fini_array_end                                  /usr/lib/gcc/arm-none-eabi/10.3.1/../../../arm-none-eabi/lib/thumb/v7e-m+fp/hard/libc_nano.a(lib_a-fini.o)
__fini_array_start                                /usr/lib/gcc/arm-none-eabi/10.3.1/../../../arm-none-eabi/lib/thumb/v7e-m+fp/hard/libc_nano.a(lib_a-fini.o)
__init_array_end                                  /usr/lib/gcc/arm-none-eabi/10.3.1/../../../arm-none-eabi/lib/thumb/v7e-m+fp/hard/libc_nano.a(lib_a-init.o)
__init_array_start                                /usr/lib/gcc/arm-none-eabi/10.3.1/../../../arm-none-eabi/lib/thumb/v7e-m+fp/hard/libc_nano.a(lib_a-init.o)
__libc_fini_array                                 /usr/lib/gcc/arm-none-eabi/10.3.1/../../../arm-none-eabi/lib/thumb/v7e-m+fp/hard/libc_nano.a(lib_a-fini.o)
                                                  /usr/lib/gcc/arm-none-eabi/10.3.1/../../../arm-none-eabi/lib/thumb/v7e-m+fp/hard/crt0.o
__libc_init_array                                 /usr/lib/gcc/arm-none-eabi/10.3.1/../../../arm-none-eabi/lib/thumb/v7e-m+fp/hard/libc_nano.a(lib_a-init.o)
                                                  build/startup_stm32h755xx_CM4.o
                                                  /usr/lib/gcc/arm-none-eabi/10.3.1/../../../arm-none-eabi/lib/thumb/v7e-m+fp/hard/crt0.o
__on_exit_args                                    /usr/lib/gcc/arm-none-eabi/10.3.1/../../../arm-none-eabi/lib/thumb/v7e-m+fp/hard/libc_nano.a(lib_a-__atexit.o)
__preinit_array_end                               /usr/lib/gcc/arm-none-eabi/10.3.1/../../../arm-none-eabi/lib/thumb/v7e-m+fp/hard/libc_nano.a(lib_a-init.o)
__preinit_array_start                             /usr/lib/gcc/arm-none-eabi/10.3.1/../../../arm-none-eabi/lib/thumb/v7e-m+fp/hard/libc_nano.a(lib_a-init.o)
__register_exitproc                               /usr/lib/gcc/arm-none-eabi/10.3.1/../../../arm-none-eabi/lib/thumb/v7e-m+fp/hard/libc_nano.a(lib_a-__atexit.o)
                                                  /usr/lib/gcc/arm-none-eabi/10.3.1/../../../arm-none-eabi/lib/thumb/v7e-m+fp/hard/libc_nano.a(lib_a-atexit.o)
__register_frame_info                             /usr/lib/gcc/arm-none-eabi/10.3.1/thumb/v7e-m+fp/hard/crtbegin.o
__sf_fake_stderr                                  /usr/lib/gcc/arm-none-eabi/10.3.1/../../../arm-none-eabi/lib/thumb/v7e-m+fp/hard/libc_nano.a(lib_a-impure.o)
__sf_fake_stdin                                   /usr/lib/gcc/arm-none-eabi/10.3.1/../../../arm-none-eabi/lib/thumb/v7e-m+fp/hard/libc_nano.a(lib_a-impure.o)
__sf_fake_stdout                                  /usr/lib/gcc/arm-none-eabi/10.3.1/../../../arm-none-eabi/lib/thumb/v7e-m+fp/hard/libc_nano.a(lib_a-impure.o)
__stack                                           /usr/lib/gcc/arm-none-eabi/10.3.1/../../../arm-none-eabi/lib/thumb/v7e-m+fp/hard/crt0.o
__udivmoddi4                                      /usr/lib/gcc/arm-none-eabi/10.3.1/thumb/v7e-m+fp/hard/libgcc.a(_udivmoddi4.o)
                                                  /usr/lib/gcc/arm-none-eabi/10.3.1/thumb/v7e-m+fp/hard/libgcc.a(_aeabi_uldivmod.o)
_ebss                                             build/startup_stm32h755xx_CM4.o
_edata                                            build/startup_stm32h755xx_CM4.o
_estack                                           build/startup_stm32h755xx_CM4.o
_exit                                             /usr/lib/gcc/arm-none-eabi/10.3.1/../../../arm-none-eabi/lib/thumb/v7e-m+fp/hard/libnosys.a(_exit.o)
                                                  /usr/lib/gcc/arm-none-eabi/10.3.1/../../../arm-none-eabi/lib/thumb/v7e-m+fp/hard/libc_nano.a(lib_a-exit.o)
_fini                                             /usr/lib/gcc/arm-none-eabi/10.3.1/thumb/v7e-m+fp/hard/crti.o
                                                  /usr/lib/gcc/arm-none-eabi/10.3.1/../../../arm-none-eabi/lib/thumb/v7e-m+fp/hard/libc_nano.a(lib_a-fini.o)
_global_atexit                                    /usr/lib/gcc/arm-none-eabi/10.3.1/../../../arm-none-eabi/lib/thumb/v7e-m+fp/hard/libc_nano.a(lib_a-__call_atexit.o)
                                                  /usr/lib/gcc/arm-none-eabi/10.3.1/../../../arm-none-eabi/lib/thumb/v7e-m+fp/hard/libc_nano.a(lib_a-__atexit.o)
_global_impure_ptr                                /usr/lib/gcc/arm-none-eabi/10.3.1/../../../arm-none-eabi/lib/thumb/v7e-m+fp/hard/libc_nano.a(lib_a-impure.o)
                                                  /usr/lib/gcc/arm-none-eabi/10.3.1/../../../arm-none-eabi/lib/thumb/v7e-m+fp/hard/libc_nano.a(lib_a-exit.o)
_impure_ptr                                       /usr/lib/gcc/arm-none-eabi/10.3.1/../../../arm-none-eabi/lib/thumb/v7e-m+fp/hard/libc_nano.a(lib_a-impure.o)
_init                                             /usr/lib/gcc/arm-none-eabi/10.3.1/thumb/v7e-m+fp/hard/crti.o
                                                  /usr/lib/gcc/arm-none-eabi/10.3.1/../../../arm-none-eabi/lib/thumb/v7e-m+fp/hard/libc_nano.a(lib_a-init.o)
_mainCRTStartup                                   /usr/lib/gcc/arm-none-eabi/10.3.1/../../../arm-none-eabi/lib/thumb/v7e-m+fp/hard/crt0.o
_sbss                                             build/startup_stm32h755xx_CM4.o
_sdata                                            build/startup_stm32h755xx_CM4.o
_sidata                                           build/startup_stm32h755xx_CM4.o
_stack_init                                       /usr/lib/gcc/arm-none-eabi/10.3.1/../../../arm-none-eabi/lib/thumb/v7e-m+fp/hard/crt0.o
_start                                            /usr/lib/gcc/arm-none-eabi/10.3.1/../../../arm-none-eabi/lib/thumb/v7e-m+fp/hard/crt0.o
atexit                                            /usr/lib/gcc/arm-none-eabi/10.3.1/../../../arm-none-eabi/lib/thumb/v7e-m+fp/hard/libc_nano.a(lib_a-atexit.o)
                                                  /usr/lib/gcc/arm-none-eabi/10.3.1/../../../arm-none-eabi/lib/thumb/v7e-m+fp/hard/crt0.o
exit                                              /usr/lib/gcc/arm-none-eabi/10.3.1/../../../arm-none-eabi/lib/thumb/v7e-m+fp/hard/libc_nano.a(lib_a-exit.o)
                                                  /usr/lib/gcc/arm-none-eabi/10.3.1/../../../arm-none-eabi/lib/thumb/v7e-m+fp/hard/crt0.o
g_pfnVectors                                      build/startup_stm32h755xx_CM4.o
hardware_init_hook                                /usr/lib/gcc/arm-none-eabi/10.3.1/../../../arm-none-eabi/lib/thumb/v7e-m+fp/hard/crt0.o
huart3                                            build/main.o
main                                              build/main.o
                                                  build/startup_stm32h755xx_CM4.o
                                                  /usr/lib/gcc/arm-none-eabi/10.3.1/../../../arm-none-eabi/lib/thumb/v7e-m+fp/hard/crt0.o
malloc                                            /usr/lib/gcc/arm-none-eabi/10.3.1/../../../arm-none-eabi/lib/thumb/v7e-m+fp/hard/libc_nano.a(lib_a-__atexit.o)
memset                                            /usr/lib/gcc/arm-none-eabi/10.3.1/../../../arm-none-eabi/lib/thumb/v7e-m+fp/hard/libc_nano.a(lib_a-memset.o)
                                                  build/stm32h7xx_hal_msp.o
                                                  /usr/lib/gcc/arm-none-eabi/10.3.1/../../../arm-none-eabi/lib/thumb/v7e-m+fp/hard/crt0.o
pFlash                                            build/stm32h7xx_hal_flash.o
                                                  build/stm32h7xx_hal_flash_ex.o
software_init_hook                                /usr/lib/gcc/arm-none-eabi/10.3.1/../../../arm-none-eabi/lib/thumb/v7e-m+fp/hard/crt0.o
uwTick                                            build/stm32h7xx_hal.o
uwTickFreq                                        build/stm32h7xx_hal.o
uwTickPrio                                        build/stm32h7xx_hal.o
                                                  build/stm32h7xx_hal_rcc.o